Archive member included to satisfy reference by file (symbol)

build/native/contiki-ng-native.a(mqtt.o)
                              moistureNode.o (mqtt_register)
build/native/contiki-ng-native.a(contiki-main.o)
                              /usr/lib/gcc/x86_64-linux-gnu/7/../../../x86_64-linux-gnu/Scrt1.o (main)
build/native/contiki-ng-native.a(autostart.o)
                              build/native/contiki-ng-native.a(contiki-main.o) (autostart_start)
build/native/contiki-ng-native.a(ctimer.o)
                              build/native/contiki-ng-native.a(contiki-main.o) (ctimer_init)
build/native/contiki-ng-native.a(log.o)
                              build/native/contiki-ng-native.a(contiki-main.o) (log_6addr)
build/native/contiki-ng-native.a(energest.o)
                              build/native/contiki-ng-native.a(contiki-main.o) (energest_init)
build/native/contiki-ng-native.a(etimer.o)
                              build/native/contiki-ng-native.a(contiki-main.o) (etimer_process)
build/native/contiki-ng-native.a(node-id.o)
                              build/native/contiki-ng-native.a(contiki-main.o) (node_id_init)
build/native/contiki-ng-native.a(rtimer.o)
                              build/native/contiki-ng-native.a(contiki-main.o) (rtimer_init)
build/native/contiki-ng-native.a(process.o)
                              build/native/contiki-ng-native.a(mqtt.o) (process_current)
build/native/contiki-ng-native.a(timer.o)
                              build/native/contiki-ng-native.a(mqtt.o) (timer_set)
build/native/contiki-ng-native.a(list.o)
                              build/native/contiki-ng-native.a(mqtt.o) (list_init)
build/native/contiki-ng-native.a(button-hal.o)
                              moistureNode.o (button_hal_get_by_index)
build/native/contiki-ng-native.a(leds.o)
                              moistureNode.o (leds_on)
build/native/contiki-ng-native.a(gpio-hal.o)
                              build/native/contiki-ng-native.a(button-hal.o) (gpio_hal_register_handler)
build/native/contiki-ng-native.a(queuebuf.o)
                              build/native/contiki-ng-native.a(contiki-main.o) (queuebuf_init)
build/native/contiki-ng-native.a(packetbuf.o)
                              build/native/contiki-ng-native.a(queuebuf.o) (packetbuf_copyto)
build/native/contiki-ng-native.a(netstack.o)
                              build/native/contiki-ng-native.a(contiki-main.o) (netstack_init)
build/native/contiki-ng-native.a(linkaddr.o)
                              build/native/contiki-ng-native.a(packetbuf.o) (linkaddr_copy)
build/native/contiki-ng-native.a(nullmac.o)
                              build/native/contiki-ng-native.a(contiki-main.o) (nullmac_driver)
build/native/contiki-ng-native.a(uip-ds6.o)
                              build/native/contiki-ng-native.a(contiki-main.o) (uip_ds6_get_link_local)
build/native/contiki-ng-native.a(tcp-socket.o)
                              build/native/contiki-ng-native.a(mqtt.o) (tcp_socket_register)
build/native/contiki-ng-native.a(uip-ds6-route.o)
                              build/native/contiki-ng-native.a(uip-ds6.o) (uip_ds6_route_init)
build/native/contiki-ng-native.a(tcpip.o)
                              build/native/contiki-ng-native.a(tcp-socket.o) (tcp_connect)
build/native/contiki-ng-native.a(uip6.o)
                              build/native/contiki-ng-native.a(tcpip.o) (uip_aligned_buf)
build/native/contiki-ng-native.a(uip-ds6-nbr.o)
                              build/native/contiki-ng-native.a(uip-ds6.o) (uip_ds6_neighbors_init)
build/native/contiki-ng-native.a(uip-nd6.o)
                              build/native/contiki-ng-native.a(uip6.o) (uip_nd6_init)
build/native/contiki-ng-native.a(simple-udp.o)
                              moistureNode.o (simple_udp_sendto)
build/native/contiki-ng-native.a(uiplib.o)
                              build/native/contiki-ng-native.a(mqtt.o) (uiplib_ip6addrconv)
build/native/contiki-ng-native.a(rpl.o)
                              moistureNode.o (rpl_lite_driver)
build/native/contiki-ng-native.a(rpl-icmp6.o)
                              build/native/contiki-ng-native.a(rpl.o) (rpl_icmp6_init)
build/native/contiki-ng-native.a(rpl-dag-root.o)
                              build/native/contiki-ng-native.a(rpl.o) (rpl_dag_root_set_prefix)
build/native/contiki-ng-native.a(platform.o)
                              build/native/contiki-ng-native.a(contiki-main.o) (platform_process_args)
build/native/contiki-ng-native.a(clock.o)
                              build/native/contiki-ng-native.a(etimer.o) (clock_time)
build/native/contiki-ng-native.a(buttons.o)
                              build/native/contiki-ng-native.a(button-hal.o) (button_hal_button_count)
build/native/contiki-ng-native.a(tun6-net.o)
                              build/native/contiki-ng-native.a(contiki-main.o) (tun6_net_driver)
build/native/contiki-ng-native.a(rtimer-arch.o)
[...]
Memory Configuration

Name             Origin             Length             Attributes
*default*        0x0000000000000000 0xffffffffffffffff

Linker script and memory map

LOAD /usr/lib/gcc/x86_64-linux-gnu/7/../../../x86_64-linux-gnu/Scrt1.o
LOAD /usr/lib/gcc/x86_64-linux-gnu/7/../../../x86_64-linux-gnu/crti.o
LOAD /usr/lib/gcc/x86_64-linux-gnu/7/crtbeginS.o
LOAD moistureNode.o
LOAD build/native/contiki-ng-native.a
LOAD /usr/lib/gcc/x86_64-linux-gnu/7/../../../x86_64-linux-gnu/librt.so
LOAD /usr/lib/gcc/x86_64-linux-gnu/7/libgcc.a
LOAD /usr/lib/gcc/x86_64-linux-gnu/7/libgcc_s.so
START GROUP
LOAD /usr/lib/gcc/x86_64-linux-gnu/7/libgcc_s.so.1
LOAD /usr/lib/gcc/x86_64-linux-gnu/7/libgcc.a
END GROUP
LOAD /usr/lib/gcc/x86_64-linux-gnu/7/../../../x86_64-linux-gnu/libc.so
START GROUP
LOAD /lib/x86_64-linux-gnu/libc.so.6
LOAD /usr/lib/x86_64-linux-gnu/libc_nonshared.a
LOAD /lib/x86_64-linux-gnu/ld-linux-x86-64.so.2
END GROUP
LOAD /usr/lib/gcc/x86_64-linux-gnu/7/libgcc.a
LOAD /usr/lib/gcc/x86_64-linux-gnu/7/libgcc_s.so
START GROUP
LOAD /usr/lib/gcc/x86_64-linux-gnu/7/libgcc_s.so.1
LOAD /usr/lib/gcc/x86_64-linux-gnu/7/libgcc.a
END GROUP
LOAD /usr/lib/gcc/x86_64-linux-gnu/7/crtendS.o
LOAD /usr/lib/gcc/x86_64-linux-gnu/7/../../../x86_64-linux-gnu/crtn.o
                [!provide]                        PROVIDE (__executable_start = SEGMENT_START ("text-segment", 0x0))
                0x0000000000000238                . = (SEGMENT_START ("text-segment", 0x0) + SIZEOF_HEADERS)

.interp         0x0000000000000238       0x1c
 *(.interp)
 .interp        0x0000000000000238       0x1c /usr/lib/gcc/x86_64-linux-gnu/7/../../../x86_64-linux-gnu/Scrt1.o

.note.ABI-tag   0x0000000000000254       0x20
 .note.ABI-tag  0x0000000000000254       0x20 /usr/lib/gcc/x86_64-linux-gnu/7/../../../x86_64-linux-gnu/Scrt1.o

.note.gnu.build-id
                0x0000000000000274       0x24
 *(.note.gnu.build-id)
 .note.gnu.build-id
                0x0000000000000274       0x24 /usr/lib/gcc/x86_64-linux-gnu/7/../../../x86_64-linux-gnu/Scrt1.o

.hash
 *(.hash)

.gnu.hash       0x0000000000000298     0x1290
 *(.gnu.hash)
 .gnu.hash      0x0000000000000298     0x1290 /usr/lib/gcc/x86_64-linux-gnu/7/../../../x86_64-linux-gnu/Scrt1.o

.dynsym         0x0000000000001528     0x3690
 *(.dynsym)
 .dynsym        0x0000000000001528     0x3690 /usr/lib/gcc/x86_64-linux-gnu/7/../../../x86_64-linux-gnu/Scrt1.o

.dynstr         0x0000000000004bb8     0x289d
 *(.dynstr)
 .dynstr        0x0000000000004bb8     0x289d /usr/lib/gcc/x86_64-linux-gnu/7/../../../x86_64-linux-gnu/Scrt1.o

.gnu.version    0x0000000000007456      0x48c
 *(.gnu.version)
 .gnu.version   0x0000000000007456      0x48c /usr/lib/gcc/x86_64-linux-gnu/7/../../../x86_64-linux-gnu/Scrt1.o

.gnu.version_d  0x00000000000078e8        0x0
 *(.gnu.version_d)
 .gnu.version_d
                0x00000000000078e8        0x0 /usr/lib/gcc/x86_64-linux-gnu/7/../../../x86_64-linux-gnu/Scrt1.o

.gnu.version_r  0x00000000000078e8       0x80
 *(.gnu.version_r)
 .gnu.version_r
                0x00000000000078e8       0x80 /usr/lib/gcc/x86_64-linux-gnu/7/../../../x86_64-linux-gnu/Scrt1.o

.rela.dyn       0x0000000000007968      0xc90
 *(.rela.init)
 *(.rela.text .rela.text.* .rela.gnu.linkonce.t.*)
 .rela.text     0x0000000000007968        0x0 /usr/lib/gcc/x86_64-linux-gnu/7/../../../x86_64-linux-gnu/Scrt1.o
 .rela.text.startup
                0x0000000000007968        0x0 /usr/lib/gcc/x86_64-linux-gnu/7/../../../x86_64-linux-gnu/Scrt1.o
 .rela.text.unlikely
                0x0000000000007968        0x0 /usr/lib/gcc/x86_64-linux-gnu/7/../../../x86_64-linux-gnu/Scrt1.o
 *(.rela.fini)
 *(.rela.rodata .rela.rodata.* .rela.gnu.linkonce.r.*)
 *(.rela.data .rela.data.* .rela.gnu.linkonce.d.*)
 .rela.data.rel.ro
                0x0000000000007968      0x1f8 /usr/lib/gcc/x86_64-linux-gnu/7/../../../x86_64-linux-gnu/Scrt1.o
 .rela.data.rel.local
                0x0000000000007b60      0x6f0 /usr/lib/gcc/x86_64-linux-gnu/7/../../../x86_64-linux-gnu/Scrt1.o
 .rela.data.rel.ro.local
                0x0000000000008250      0x2d0 /usr/lib/gcc/x86_64-linux-gnu/7/../../../x86_64-linux-gnu/Scrt1.o
 *(.rela.tdata .rela.tdata.* .rela.gnu.linkonce.td.*)
 *(.rela.tbss .rela.tbss.* .rela.gnu.linkonce.tb.*)
 *(.rela.ctors)
 *(.rela.dtors)
 *(.rela.got)
 .rela.got      0x0000000000008520       0x78 /usr/lib/gcc/x86_64-linux-gnu/7/../../../x86_64-linux-gnu/Scrt1.o
 *(.rela.bss .rela.bss.* .rela.gnu.linkonce.b.*)
 .rela.bss      0x0000000000008598       0x30 /usr/lib/gcc/x86_64-linux-gnu/7/../../../x86_64-linux-gnu/Scrt1.o
 *(.rela.ldata .rela.ldata.* .rela.gnu.linkonce.l.*)
 *(.rela.lbss .rela.lbss.* .rela.gnu.linkonce.lb.*)
 *(.rela.lrodata .rela.lrodata.* .rela.gnu.linkonce.lr.*)
 *(.rela.ifunc)
 .rela.ifunc    0x00000000000085c8        0x0 /usr/lib/gcc/x86_64-linux-gnu/7/../../../x86_64-linux-gnu/Scrt1.o
 .rela.fini_array
                0x00000000000085c8       0x18 /usr/lib/gcc/x86_64-linux-gnu/7/../../../x86_64-linux-gnu/Scrt1.o
 .rela.init_array
                0x00000000000085e0       0x18 /usr/lib/gcc/x86_64-linux-gnu/7/../../../x86_64-linux-gnu/Scrt1.o

.rela.plt       0x00000000000085f8      0x3d8
 *(.rela.plt)
 .rela.plt      0x00000000000085f8      0x3d8 /usr/lib/gcc/x86_64-linux-gnu/7/../../../x86_64-linux-gnu/Scrt1.o
                [!provide]                        PROVIDE (__rela_iplt_start = .)
 *(.rela.iplt)
                [!provide]                        PROVIDE (__rela_iplt_end = .)

.init           0x00000000000089d0       0x17
 *(SORT_NONE(.init))
 .init          0x00000000000089d0       0x12 /usr/lib/gcc/x86_64-linux-gnu/7/../../../x86_64-linux-gnu/crti.o
                0x00000000000089d0                _init
 .init          0x00000000000089e2        0x5 /usr/lib/gcc/x86_64-linux-gnu/7/../../../x86_64-linux-gnu/crtn.o

.plt            0x00000000000089f0      0x2a0
 *(.plt)
 .plt           0x00000000000089f0      0x2a0 /usr/lib/gcc/x86_64-linux-gnu/7/../../../x86_64-linux-gnu/Scrt1.o
 *(.iplt)

.plt.got        0x0000000000008c90        0x8
 *(.plt.got)
 .plt.got       0x0000000000008c90        0x8 /usr/lib/gcc/x86_64-linux-gnu/7/../../../x86_64-linux-gnu/Scrt1.o

.plt.sec
 *(.plt.sec)

.text           0x0000000000008ca0    0x11dae
 *(.text.unlikely .text.*_unlikely .text.unlikely.*)
 .text.unlikely
                0x0000000000008ca0       0xed build/native/contiki-ng-native.a(uip6.o)
 *(.text.exit .text.exit.*)
 *(.text.startup .text.startup.*)
 *fill*         0x0000000000008d8d        0x3 
 .text.startup  0x0000000000008d90      0x367 build/native/contiki-ng-native.a(contiki-main.o)
                0x0000000000008d90                main
 *(.text.hot .text.hot.*)
 *(.text .stub .text.* .gnu.linkonce.t.*)
 *fill*         0x00000000000090f7        0x9 
 .text          0x0000000000009100       0x2b /usr/lib/gcc/x86_64-linux-gnu/7/../../../x86_64-linux-gnu/Scrt1.o
                0x0000000000009100                _start
 .text          0x000000000000912b        0x0 /usr/lib/gcc/x86_64-linux-gnu/7/../../../x86_64-linux-gnu/crti.o
 *fill*         0x000000000000912b        0x5 
 .text          0x0000000000009130       0xda /usr/lib/gcc/x86_64-linux-gnu/7/crtbeginS.o
 *fill*         0x000000000000920a        0x6 
 .text          0x0000000000009210      0xcf0 moistureNode.o
                0x0000000000009210                changeIrrigationMode
                0x00000000000095f0                changeMinThreshold
                0x0000000000009610                changeMaxThreshold
                0x0000000000009630                inizializeSensor
                0x0000000000009650                checkMoisture
                0x0000000000009880                changePumpState
                0x00000000000098b0                changeSensigvalue
 .text          0x0000000000009f00     0x31f8 build/native/contiki-ng-native.a(mqtt.o)
                0x000000000000c440                mqtt_decode_var_byte_int
                0x000000000000cac0                mqtt_encode_var_byte_int
                0x000000000000cb00                mqtt_init
                0x000000000000cb20                mqtt_register
                0x000000000000cc30                mqtt_connect
                0x000000000000ccf0                mqtt_disconnect
                0x000000000000cd20                mqtt_subscribe
                0x000000000000cde0                mqtt_unsubscribe
                0x000000000000ce80                mqtt_publish
                0x000000000000cf60                mqtt_set_username_password
                0x000000000000d030                mqtt_set_last_will
 .text          0x000000000000d0f8        0x0 build/native/contiki-ng-native.a(contiki-main.o)
 *fill*         0x000000000000d0f8        0x8 
 .text          0x000000000000d100       0x54 build/native/contiki-ng-native.a(autostart.o)
                0x000000000000d100                autostart_start
                0x000000000000d130                autostart_exit
 *fill*         0x000000000000d154        0xc 
 .text          0x000000000000d160      0x364 build/native/contiki-ng-native.a(ctimer.o)
                0x000000000000d280                ctimer_init
                0x000000000000d2b0                ctimer_set_with_process
                0x000000000000d320                ctimer_set
                0x000000000000d330                ctimer_reset
                0x000000000000d3a0                ctimer_restart
                0x000000000000d410                ctimer_stop
                0x000000000000d470                ctimer_expired
 *fill*         0x000000000000d4c4        0xc 
 .text          0x000000000000d4d0      0x408 build/native/contiki-ng-native.a(log.o)
                0x000000000000d4d0                log_6addr
                0x000000000000d530                log_6addr_compact_snprint
                0x000000000000d5b0                log_6addr_compact
                0x000000000000d610                log_lladdr
                0x000000000000d6b0                log_lladdr_compact
                0x000000000000d700                log_bytes
                0x000000000000d750                log_set_level
                0x000000000000d7e0                log_get_level
                0x000000000000d870                log_level_to_str
 *fill*         0x000000000000d8d8        0x8 
 .text          0x000000000000d8e0       0x23 build/native/contiki-ng-native.a(energest.o)
                0x000000000000d8e0                energest_init
                0x000000000000d8f0                energest_flush
                0x000000000000d900                energest_get_total_time
 *fill*         0x000000000000d903        0xd 
 .text          0x000000000000d910      0x44d build/native/contiki-ng-native.a(etimer.o)
                0x000000000000dbb0                etimer_request_poll
                0x000000000000dbc0                etimer_set
                0x000000000000dbe0                etimer_reset_with_new_interval
                0x000000000000dc10                etimer_reset
                0x000000000000dc30                etimer_restart
                0x000000000000dc50                etimer_adjust
                0x000000000000dc80                etimer_expired
                0x000000000000dc90                etimer_expiration_time
                0x000000000000dca0                etimer_start_time
                0x000000000000dcb0                etimer_pending
                0x000000000000dcc0                etimer_next_expiration_time
                0x000000000000dce0                etimer_stop
 *fill*         0x000000000000dd5d        0x3 
 .text          0x000000000000dd60       0x1b build/native/contiki-ng-native.a(node-id.o)
                0x000000000000dd60                node_id_init
 *fill*         0x000000000000dd7b        0x5 
 .text          0x000000000000dd80       0xaa build/native/contiki-ng-native.a(rtimer.o)
                0x000000000000dd80                rtimer_init
                0x000000000000dd90                rtimer_set
                0x000000000000dde0                rtimer_run_next
 *fill*         0x000000000000de2a        0x6 
 .text          0x000000000000de30      0x44a build/native/contiki-ng-native.a(process.o)
                0x000000000000dff0                process_alloc_event
                0x000000000000e010                process_start
                0x000000000000e080                process_exit
                0x000000000000e090                process_init
                0x000000000000e0c0                process_run
                0x000000000000e1b0                process_nevents
                0x000000000000e1d0                process_post
                0x000000000000e220                process_post_synch
                0x000000000000e240                process_poll
                0x000000000000e270                process_is_running
 *fill*         0x000000000000e27a        0x6 
 .text          0x000000000000e280       0x95 build/native/contiki-ng-native.a(timer.o)
                0x000000000000e280                timer_set
                0x000000000000e2a0                timer_reset
                0x000000000000e2d0                timer_restart
                0x000000000000e2e0                timer_expired
                0x000000000000e300                timer_remaining
 *fill*         0x000000000000e315        0xb 
 .text          0x000000000000e320      0x343 build/native/contiki-ng-native.a(list.o)
                0x000000000000e320                list_init
                0x000000000000e330                list_head
                0x000000000000e340                list_copy
                0x000000000000e350                list_tail
                0x000000000000e370                list_add
                0x000000000000e3f0                list_push
                0x000000000000e460                list_chop
                0x000000000000e4a0                list_pop
                0x000000000000e4b0                list_remove
                0x000000000000e520                list_length
                0x000000000000e550                list_insert
                0x000000000000e610                list_item_next
                0x000000000000e630                list_contains
 *fill*         0x000000000000e663        0xd 
 .text          0x000000000000e670      0x378 build/native/contiki-ng-native.a(button-hal.o)
                0x000000000000e7c0                button_hal_get_by_id
                0x000000000000e800                button_hal_get_by_index
                0x000000000000e830                button_hal_get_state
                0x000000000000e910                button_hal_init
 *fill*         0x000000000000e9e8        0x8 
 .text          0x000000000000e9f0       0x83 build/native/contiki-ng-native.a(leds.o)
                0x000000000000e9f0                leds_init
                0x000000000000ea00                leds_single_on
                0x000000000000ea10                leds_single_off
                0x000000000000ea20                leds_single_toggle
                0x000000000000ea30                leds_on
                0x000000000000ea40                leds_off
                0x000000000000ea50                leds_toggle
                0x000000000000ea60                leds_set
                0x000000000000ea70                leds_get
 *fill*         0x000000000000ea73        0xd 
 .text          0x000000000000ea80      0x104 build/native/contiki-ng-native.a(gpio-hal.o)
                0x000000000000ea80                gpio_hal_register_handler
                0x000000000000ea90                gpio_hal_event_handler
                0x000000000000eae0                gpio_hal_init
                0x000000000000eb00                gpio_hal_arch_port_toggle_pin
                0x000000000000eb20                gpio_hal_arch_port_toggle_pins
                0x000000000000eb40                gpio_hal_arch_no_port_toggle_pin
                0x000000000000eb70                gpio_hal_arch_no_port_toggle_pins
 *fill*         0x000000000000eb84        0xc 
 .text          0x000000000000eb90      0x202 build/native/contiki-ng-native.a(queuebuf.o)
                0x000000000000eb90                queuebuf_init
                0x000000000000ebb0                queuebuf_numfree
                0x000000000000ebc0                queuebuf_new_from_packetbuf
                0x000000000000ec40                queuebuf_update_attr_from_packetbuf
                0x000000000000ec60                queuebuf_update_from_packetbuf
                0x000000000000ec90                queuebuf_free
                0x000000000000ecd0                queuebuf_to_packetbuf
                0x000000000000ed20                queuebuf_dataptr
                0x000000000000ed50                queuebuf_datalen
                0x000000000000ed60                queuebuf_addr
                0x000000000000ed80                queuebuf_attr
                0x000000000000ed90                queuebuf_debug_print
 *fill*         0x000000000000ed92        0xe 
 .text          0x000000000000eda0      0x3e3 build/native/contiki-ng-native.a(packetbuf.o)
                0x000000000000eda0                packetbuf_copyto
                0x000000000000ee80                packetbuf_hdralloc
                0x000000000000eef0                packetbuf_hdrreduce
                0x000000000000ef20                packetbuf_set_datalen
                0x000000000000ef30                packetbuf_dataptr
                0x000000000000ef50                packetbuf_hdrptr
                0x000000000000ef60                packetbuf_datalen
                0x000000000000ef70                packetbuf_hdrlen
                0x000000000000ef80                packetbuf_totlen
                0x000000000000efa0                packetbuf_remaininglen
                0x000000000000efc0                packetbuf_attr_clear
                0x000000000000f010                packetbuf_clear
                0x000000000000f030                packetbuf_copyfrom
                0x000000000000f090                packetbuf_attr_copyto
                0x000000000000f0c0                packetbuf_attr_copyfrom
                0x000000000000f0f0                packetbuf_set_attr
                0x000000000000f110                packetbuf_attr
                0x000000000000f120                packetbuf_set_addr
                0x000000000000f150                packetbuf_addr
                0x000000000000f170                packetbuf_holds_broadcast
 *fill*         0x000000000000f183        0xd 
 .text          0x000000000000f190       0xba build/native/contiki-ng-native.a(netstack.o)
                0x000000000000f190                netstack_process_ip_callback
                0x000000000000f200                netstack_ip_packet_processor_add
                0x000000000000f220                uip_ds6_ip_packet_processor_rm
                0x000000000000f230                netstack_init
 *fill*         0x000000000000f24a        0x6 
 .text          0x000000000000f250       0x2b build/native/contiki-ng-native.a(linkaddr.o)
                0x000000000000f250                linkaddr_copy
                0x000000000000f260                linkaddr_cmp
                0x000000000000f270                linkaddr_set_node_addr
 *fill*         0x000000000000f27b        0x5 
 .text          0x000000000000f280       0x52 build/native/contiki-ng-native.a(nullmac.o)
 *fill*         0x000000000000f2d2        0xe 
 .text          0x000000000000f2e0      0xb04 build/native/contiki-ng-native.a(uip-ds6.o)
                0x000000000000f3a0                uip_ds6_default_prefix
                0x000000000000f3b0                uip_ds6_set_default_prefix
                0x000000000000f3c0                uip_ds6_list_loop
                0x000000000000f400                uip_ds6_prefix_add
                0x000000000000f4b0                uip_ds6_prefix_rm
                0x000000000000f4c0                uip_ds6_prefix_lookup
                0x000000000000f520                uip_ds6_is_addr_onlink
                0x000000000000f590                uip_ds6_addr_lookup
                0x000000000000f5f0                uip_ds6_get_link_local
                0x000000000000f660                uip_ds6_get_global
                0x000000000000f6d0                uip_ds6_maddr_add
                0x000000000000f730                uip_ds6_addr_add
                0x000000000000f820                uip_ds6_maddr_rm
                0x000000000000f830                uip_ds6_maddr_lookup
                0x000000000000f8f0                uip_ds6_addr_rm
                0x000000000000f910                uip_ds6_periodic
                0x000000000000f990                uip_ds6_aaddr_add
                0x000000000000f9f0                uip_ds6_aaddr_rm
                0x000000000000fa00                uip_ds6_aaddr_lookup
                0x000000000000fa60                uip_ds6_select_src
                0x000000000000fba0                uip_ds6_set_addr_iid
                0x000000000000fbb0                uip_ds6_set_lladdr_from_iid
                0x000000000000fbc0                get_match_length
                0x000000000000fc10                uip_ds6_compute_reachable_time
                0x000000000000fc50                uip_ds6_init
 *fill*         0x000000000000fde4        0xc 
 .text          0x000000000000fdf0      0x7b5 build/native/contiki-ng-native.a(tcp-socket.o)
                0x0000000000010290                tcp_socket_register
                0x0000000000010350                tcp_socket_connect
                0x00000000000103d0                tcp_socket_listen
                0x0000000000010430                tcp_socket_unlisten
                0x0000000000010490                tcp_socket_send
                0x0000000000010500                tcp_socket_send_str
                0x0000000000010530                tcp_socket_close
                0x0000000000010550                tcp_socket_unregister
                0x0000000000010590                tcp_socket_max_sendlen
                0x00000000000105a0                tcp_socket_queuelen
 *fill*         0x00000000000105a5        0xb 
 .text          0x00000000000105b0      0x2fa build/native/contiki-ng-native.a(uip-ds6-route.o)
                0x00000000000105b0                uip_ds6_route_init
                0x00000000000105d0                uip_ds6_route_count_nexthop_neighbors
                0x00000000000105e0                uip_ds6_route_nexthop
                0x00000000000105f0                uip_ds6_route_head
                0x0000000000010600                uip_ds6_route_next
                0x0000000000010610                uip_ds6_route_is_nexthop
                0x0000000000010620                uip_ds6_route_num_routes
                0x0000000000010630                uip_ds6_route_lookup
                0x0000000000010640                uip_ds6_route_add
                0x0000000000010650                uip_ds6_route_rm
                0x0000000000010660                uip_ds6_route_rm_by_nexthop
                0x0000000000010670                uip_ds6_defrt_head
                0x0000000000010680                uip_ds6_defrt_rm
                0x00000000000106e0                uip_ds6_defrt_lookup
                0x0000000000010730                uip_ds6_defrt_add
                0x00000000000107e0                uip_ds6_defrt_choose
                0x0000000000010840                uip_ds6_defrt_periodic
 *fill*         0x00000000000108aa        0x6 
 .text          0x00000000000108b0      0x865 build/native/contiki-ng-native.a(tcpip.o)
                0x00000000000108e0                tcpip_output
                0x0000000000010910                tcp_connect
                0x0000000000010960                tcp_unlisten
                0x00000000000109b0                tcp_listen
                0x00000000000109f0                tcp_attach
                0x0000000000010a00                udp_attach
                0x0000000000010a10                udp_new
                0x0000000000010a40                udp_broadcast_new
                0x0000000000010ac0                tcpip_input
                0x0000000000010af0                tcpip_ipv6_output
                0x0000000000011050                tcpip_poll_udp
                0x0000000000011070                tcpip_poll_tcp
                0x0000000000011090                tcpip_uipcall
 *fill*         0x0000000000011115        0xb 
 .text          0x0000000000011120     0x1b7e build/native/contiki-ng-native.a(uip6.o)
                0x0000000000011220                uip_add32
                0x00000000000112a0                uip_chksum
                0x00000000000112c0                uip_icmp6chksum
                0x00000000000112d0                uip_tcpchksum
                0x00000000000112e0                uip_udpchksum
                0x00000000000112f0                uip_init
                0x00000000000113c0                uip_connect
                0x00000000000114f0                uip_remove_ext_hdr
                0x00000000000115a0                uip_udp_new
                0x0000000000011660                uip_unlisten
                0x00000000000116a0                uip_listen
                0x00000000000116e0                uip_process
                0x0000000000012be0                uip_htons
                0x0000000000012bf0                uip_htonl
                0x0000000000012c10                uip_send
 *fill*         0x0000000000012c9e        0x2 
 .text          0x0000000000012ca0      0x2e2 build/native/contiki-ng-native.a(uip-ds6-nbr.o)
                0x0000000000012cd0                uip_ds6_nbr_rm
                0x0000000000012cf0                uip_ds6_neighbors_init
                0x0000000000012d10                uip_ds6_nbr_add
                0x0000000000012d60                uip_ds6_nbr_update_ll
                0x0000000000012e30                uip_ds6_nbr_get_ipaddr
                0x0000000000012e40                uip_ds6_nbr_get_ll
                0x0000000000012e50                uip_ds6_nbr_num
                0x0000000000012e90                uip_ds6_nbr_head
                0x0000000000012ea0                uip_ds6_nbr_next
                0x0000000000012eb0                uip_ds6_nbr_lookup
                0x0000000000012f30                uip_ds6_nbr_ll_lookup
                0x0000000000012f40                uip_ds6_nbr_ipaddr_from_lladdr
                0x0000000000012f50                uip_ds6_nbr_lladdr_from_ipaddr
                0x0000000000012f80                uip_ds6_link_callback
 *fill*         0x0000000000012f82        0xe 
 .text          0x0000000000012f90      0x46c build/native/contiki-ng-native.a(uip-nd6.o)
                0x00000000000133f0                uip_nd6_init
 *fill*         0x00000000000133fc        0x4 
 .text          0x0000000000013400      0x28c build/native/contiki-ng-native.a(simple-udp.o)
                0x0000000000013500                simple_udp_send
                0x0000000000013540                simple_udp_sendto
                0x0000000000013580                simple_udp_sendto_port
                0x00000000000135b0                simple_udp_register
 *fill*         0x000000000001368c        0x4 
 .text          0x0000000000013690      0x4a9 build/native/contiki-ng-native.a(uiplib.o)
                0x0000000000013690                uiplib_ip6addrconv
                0x0000000000013890                uiplib_ip4addrconv
                0x0000000000013910                uiplib_ipaddr_snprint
                0x0000000000013ae0                uiplib_ipaddr_print
 *fill*         0x0000000000013b39        0x7 
 .text          0x0000000000013b40      0x488 build/native/contiki-ng-native.a(rpl.o)
                0x0000000000013b40                rpl_has_joined
                0x0000000000013b60                rpl_is_reachable
                0x0000000000013b90                rpl_get_leaf_only
                0x0000000000013cd0                rpl_link_callback
                0x0000000000013d30                rpl_lollipop_greater_than
                0x0000000000013d80                rpl_get_global_address
                0x0000000000013e50                rpl_reset_prefix
                0x0000000000013eb0                rpl_set_prefix_from_addr
                0x0000000000013f80                rpl_set_prefix
                0x0000000000013fc0                rpl_set_leaf_only
 *fill*         0x0000000000013fc8        0x8 
 .text          0x0000000000013fd0      0xc18 build/native/contiki-ng-native.a(rpl-icmp6.o)
                0x00000000000145b0                rpl_icmp6_update_nbr_table
                0x0000000000014600                rpl_icmp6_dis_output
                0x0000000000014640                rpl_icmp6_dio_output
                0x0000000000014a60                rpl_icmp6_dao_output
                0x0000000000014b50                rpl_icmp6_dao_ack_output
                0x0000000000014bb0                rpl_icmp6_init
 *fill*         0x0000000000014be8        0x8 
 .text          0x0000000000014bf0      0x221 build/native/contiki-ng-native.a(rpl-dag-root.o)
                0x0000000000014c70                rpl_dag_root_print_links
                0x0000000000014d10                rpl_dag_root_set_prefix
                0x0000000000014d40                rpl_dag_root_start
                0x0000000000014df0                rpl_dag_root_is_root
 *fill*         0x0000000000014e11        0xf 
 .text          0x0000000000014e20      0x44d build/native/contiki-ng-native.a(platform.o)
                0x0000000000014e90                select_set_callback
                0x0000000000014f20                native_uart_set_input
                0x0000000000014f30                platform_process_args
                0x0000000000014f40                platform_init_stage_one
                0x0000000000014f60                platform_init_stage_two
                0x0000000000014fc0                platform_init_stage_three
                0x00000000000150d0                platform_main_loop
                0x0000000000015230                log_message
                0x0000000000015250                uip_log
 *fill*         0x000000000001526d        0x3 
 .text          0x0000000000015270       0xc2 build/native/contiki-ng-native.a(clock.o)
                0x0000000000015270                clock_time
                0x00000000000152e0                clock_seconds
                0x0000000000015320                clock_delay
                0x0000000000015330                clock_init
 .text          0x0000000000015332        0x0 build/native/contiki-ng-native.a(buttons.o)
 *fill*         0x0000000000015332        0xe 
 .text          0x0000000000015340      0x4cf build/native/contiki-ng-native.a(tun6-net.o)
 *fill*         0x000000000001580f        0x1 
 .text          0x0000000000015810       0xbe build/native/contiki-ng-native.a(rtimer-arch.o)
                0x0000000000015830                rtimer_arch_init
                0x0000000000015850                rtimer_arch_schedule
 *fill*         0x00000000000158ce        0x2 
 .text          0x00000000000158d0       0x4e build/native/contiki-ng-native.a(watchdog.o)
                0x00000000000158d0                watchdog_init
                0x00000000000158e0                watchdog_start
                0x00000000000158f0                watchdog_periodic
                0x0000000000015900                watchdog_stop
                0x0000000000015910                watchdog_reboot
 *fill*         0x000000000001591e        0x2 
 .text          0x0000000000015920       0x4c build/native/contiki-ng-native.a(int-master.o)
                0x0000000000015920                int_master_enable
                0x0000000000015930                int_master_read_and_disable
                0x0000000000015950                int_master_status_set
                0x0000000000015960                int_master_is_enabled
 *fill*         0x000000000001596c        0x4 
 .text          0x0000000000015970      0x1cb build/native/contiki-ng-native.a(gpio-hal-arch.o)
                0x0000000000015970                gpio_hal_arch_init
                0x0000000000015980                gpio_hal_arch_no_port_interrupt_enable
                0x0000000000015990                gpio_hal_arch_no_port_interrupt_disable
                0x00000000000159a0                gpio_hal_arch_no_port_pin_cfg_set
                0x00000000000159c0                gpio_hal_arch_no_port_pin_cfg_get
                0x00000000000159e0                gpio_hal_arch_no_port_pin_set_input
                0x00000000000159f0                gpio_hal_arch_no_port_pin_set_output
                0x0000000000015a00                gpio_hal_arch_no_port_set_pin
                0x0000000000015a20                gpio_hal_arch_no_port_clear_pin
                0x0000000000015a40                gpio_hal_arch_no_port_read_pin
                0x0000000000015a60                gpio_hal_arch_no_port_write_pin
                0x0000000000015a80                gpio_hal_arch_no_port_set_pins
                0x0000000000015ab0                gpio_hal_arch_no_port_clear_pins
                0x0000000000015ae0                gpio_hal_arch_no_port_read_pins
                0x0000000000015b10                gpio_hal_arch_no_port_write_pins
 *fill*         0x0000000000015b3b        0x5 
 .text          0x0000000000015b40       0xbe build/native/contiki-ng-native.a(stimer.o)
                0x0000000000015b40                stimer_set
                0x0000000000015b60                stimer_reset
                0x0000000000015b90                stimer_restart
                0x0000000000015ba0                stimer_expired
                0x0000000000015bd0                stimer_remaining
                0x0000000000015bf0                stimer_elapsed
 *fill*         0x0000000000015bfe        0x2 
 .text          0x0000000000015c00      0x15b build/native/contiki-ng-native.a(memb.o)
                0x0000000000015c00                memb_init
                0x0000000000015c30                memb_alloc
                0x0000000000015c90                memb_free
                0x0000000000015cf0                memb_inmemb
                0x0000000000015d20                memb_numfree
 *fill*         0x0000000000015d5b        0x5 
 .text          0x0000000000015d60       0x1e build/native/contiki-ng-native.a(random.o)
                0x0000000000015d60                random_init
                0x0000000000015d70                random_rand
 *fill*         0x0000000000015d7e        0x2 
 .text          0x0000000000015d80      0x1be build/native/contiki-ng-native.a(serial-line.o)
                0x0000000000015ea0                serial_line_input_byte
                0x0000000000015f10                serial_line_init
 *fill*         0x0000000000015f3e        0x2 
 .text          0x0000000000015f40       0xf3 build/native/contiki-ng-native.a(nullradio.o)
 *fill*         0x0000000000016033        0xd 
 .text          0x0000000000016040      0x835 build/native/contiki-ng-native.a(nbr-table.o)
                0x00000000000161e0                nbr_table_count_entries
                0x0000000000016210                nbr_table_gc_get_worst
                0x0000000000016240                nbr_table_can_accept_new
                0x0000000000016250                nbr_table_register
                0x00000000000162b0                nbr_table_is_registered
                0x00000000000162e0                nbr_table_next
                0x0000000000016380                nbr_table_head
                0x0000000000016400                nbr_table_get_from_lladdr
                0x0000000000016530                nbr_table_entry_is_allowed
                0x0000000000016540                nbr_table_add_lladdr
                0x00000000000166e0                nbr_table_remove
                0x0000000000016760                nbr_table_lock
                0x00000000000167a0                nbr_table_unlock
                0x00000000000167e0                nbr_table_get_lladdr
                0x0000000000016830                nbr_table_clear
                0x0000000000016860                nbr_table_key_head
                0x0000000000016870                nbr_table_key_next
 *fill*         0x0000000000016875        0xb 
 .text          0x0000000000016880      0x3d0 build/native/contiki-ng-native.a(link-stats.o)
                0x00000000000168c0                link_stats_from_lladdr
                0x00000000000168d0                link_stats_get_lladdr
                0x00000000000168e0                link_stats_is_fresh
                0x0000000000016920                guess_etx_from_rssi
                0x0000000000016970                link_stats_packet_sent
                0x0000000000016b00                link_stats_input_callback
                0x0000000000016bd0                link_stats_reset
                0x0000000000016c20                link_stats_init
 .text          0x0000000000016c50      0x39b build/native/contiki-ng-native.a(uipbuf.o)
                0x0000000000016c50                uipbuf_clear
                0x0000000000016c80                uipbuf_add_ext_hdr
                0x0000000000016cd0                uipbuf_set_len
                0x0000000000016cf0                uipbuf_set_len_field
                0x0000000000016d00                uipbuf_get_len_field
                0x0000000000016d10                uipbuf_get_next_header
                0x0000000000016dd0                uipbuf_get_last_header
                0x0000000000016e50                uipbuf_search_header
                0x0000000000016f10                uipbuf_get_attr
                0x0000000000016f30                uipbuf_set_attr
                0x0000000000016f50                uipbuf_set_default_attr
                0x0000000000016f70                uipbuf_clear_attr
                0x0000000000016f80                uipbuf_set_attr_flag
                0x0000000000016f90                uipbuf_clr_attr_flag
                0x0000000000016fa0                uipbuf_is_attr_flag
                0x0000000000016fc0                uipbuf_init
 *fill*         0x0000000000016feb        0x5 
 .text          0x0000000000016ff0      0x4ce build/native/contiki-ng-native.a(uip-icmp6.o)
                0x0000000000017130                uip_icmp6_input
                0x00000000000171a0                uip_icmp6_register_input_handler
                0x00000000000171b0                uip_icmp6_error_output
                0x0000000000017390                uip_icmp6_send
                0x0000000000017450                uip_icmp6_echo_reply_callback_add
                0x0000000000017480                uip_icmp6_echo_reply_callback_rm
                0x0000000000017490                uip_icmp6_init
 *fill*         0x00000000000174be        0x2 
 .text          0x00000000000174c0      0x5ab build/native/contiki-ng-native.a(uip-sr.o)
                0x0000000000017520                uip_sr_num_nodes
                0x0000000000017530                uip_sr_get_node
                0x00000000000175a0                uip_sr_is_addr_reachable
                0x0000000000017650                uip_sr_expire_parent
                0x00000000000176a0                uip_sr_update_node
                0x00000000000177b0                uip_sr_init
                0x00000000000177e0                uip_sr_node_head
                0x00000000000177f0                uip_sr_node_next
                0x0000000000017800                uip_sr_periodic
                0x00000000000178d0                uip_sr_free_all
                0x0000000000017930                uip_sr_link_snprint
 *fill*         0x0000000000017a6b        0x5 
 .text          0x0000000000017a70      0x121 build/native/contiki-ng-native.a(uip-packetqueue)
                0x0000000000017a90                uip_packetqueue_new
                0x0000000000017aa0                uip_packetqueue_alloc
                0x0000000000017b00                uip_packetqueue_free
                0x0000000000017b40                uip_packetqueue_buf
                0x0000000000017b60                uip_packetqueue_buflen
                0x0000000000017b80                uip_packetqueue_set_buflen
 *fill*         0x0000000000017b91        0xf 
 .text          0x0000000000017ba0       0xc3 build/native/contiki-ng-native.a(uip-udp-packet.)
                0x0000000000017ba0                uip_udp_packet_send
                0x0000000000017c00                uip_udp_packet_sendto
 *fill*         0x0000000000017c63        0xd 
 .text          0x0000000000017c70       0x6d build/native/contiki-ng-native.a(rpl-nbr-policy.)
                0x0000000000017cb0                rpl_nbr_gc_get_worst
 *fill*         0x0000000000017cdd        0x3 
 .text          0x0000000000017ce0      0x873 build/native/contiki-ng-native.a(rpl-neighbor.o)
                0x0000000000017d30                rpl_neighbor_count
                0x0000000000017d70                rpl_neighbor_get_from_lladdr
                0x0000000000017d80                rpl_neighbor_is_acceptable_parent
                0x0000000000017db0                rpl_neighbor_get_link_metric
                0x0000000000017de0                rpl_neighbor_rank_via_nbr
                0x0000000000017e10                rpl_neighbor_get_lladdr
                0x0000000000017e20                rpl_neighbor_get_ipaddr
                0x0000000000017e40                rpl_neighbor_get_link_stats
                0x0000000000017f60                rpl_neighbor_snprint
                0x00000000000182d0                rpl_neighbor_print_list
                0x0000000000018360                rpl_neighbor_is_fresh
                0x0000000000018380                rpl_neighbor_is_parent
                0x00000000000183a0                rpl_neighbor_set_preferred_parent
                0x0000000000018420                rpl_neighbor_remove_all
                0x0000000000018470                rpl_neighbor_get_from_ipaddr
                0x00000000000184a0                rpl_neighbor_select_best
                0x0000000000018540                rpl_neighbor_init
 *fill*         0x0000000000018553        0xd 
 .text          0x0000000000018560      0xcb5 build/native/contiki-ng-native.a(rpl-dag.o)
                0x00000000000189a0                rpl_dag_state_to_str
                0x00000000000189e0                rpl_dag_get_root_ipaddr
                0x0000000000018a10                rpl_dag_leave
                0x0000000000018a80                rpl_dag_poison_and_leave
                0x0000000000018a90                rpl_dag_periodic
                0x0000000000018b10                rpl_is_addr_in_our_dag
                0x0000000000018b60                rpl_get_default_instance
                0x0000000000018b80                rpl_get_any_dag
                0x0000000000018ba0                rpl_refresh_routes
                0x0000000000018bd0                rpl_global_repair
                0x0000000000018c00                rpl_local_repair
                0x0000000000018c20                rpl_dag_ready_to_advertise
                0x0000000000018c50                rpl_dag_update_state
                0x0000000000018c70                rpl_process_dio
                0x0000000000018f30                rpl_process_dis
                0x0000000000018f70                rpl_process_dao
                0x0000000000018ff0                rpl_process_dao_ack
                0x0000000000019090                rpl_process_hbh
                0x00000000000190f0                rpl_dag_init_root
                0x0000000000019200                rpl_dag_init
 *fill*         0x0000000000019215        0xb 
 .text          0x0000000000019220      0x927 build/native/contiki-ng-native.a(rpl-timers.o)
                0x00000000000194d0                rpl_timers_schedule_periodic_dis
                0x00000000000195f0                rpl_timers_dio_reset
                0x0000000000019640                rpl_timers_schedule_unicast_dio
                0x0000000000019670                rpl_timers_schedule_dao
                0x00000000000196d0                rpl_timers_schedule_dao_ack
                0x0000000000019710                rpl_timers_notify_dao_ack
                0x0000000000019790                get_probing_delay
                0x00000000000197b0                get_probing_target
                0x0000000000019970                rpl_schedule_probing
                0x0000000000019990                rpl_schedule_probing_now
                0x00000000000199e0                rpl_timers_unschedule_leaving
                0x0000000000019a20                rpl_timers_schedule_leaving
                0x0000000000019a70                rpl_timers_init
                0x0000000000019aa0                rpl_timers_stop_dag_timers
                0x0000000000019b00                rpl_timers_unschedule_state_update
                0x0000000000019b20                rpl_timers_schedule_state_update
 *fill*         0x0000000000019b47        0x9 
 .text          0x0000000000019b50      0xb2e build/native/contiki-ng-native.a(rpl-ext-header.)
                0x0000000000019bc0                rpl_ext_header_srh_get_next_hop
                0x0000000000019c60                rpl_ext_header_srh_update
                0x0000000000019ed0                rpl_ext_header_hbh_update
                0x0000000000019f90                rpl_ext_header_remove
                0x000000000001a100                rpl_ext_header_update
 *fill*         0x000000000001a67e        0x2 
 .text          0x000000000001a680      0x27d build/native/contiki-ng-native.a(rpl-mrhof.o)
 *fill*         0x000000000001a8fd        0x3 
 .text          0x000000000001a900       0xb1 build/native/contiki-ng-native.a(ringbuf.o)
                0x000000000001a900                ringbuf_init
                0x000000000001a910                ringbuf_put
                0x000000000001a950                ringbuf_get
                0x000000000001a990                ringbuf_size
                0x000000000001a9a0                ringbuf_elements
 *fill*         0x000000000001a9b1        0xf 
 .text          0x000000000001a9c0       0x72 /usr/lib/x86_64-linux-gnu/libc_nonshared.a(elf-init.oS)
                0x000000000001a9c0                __libc_csu_init
                0x000000000001aa30                __libc_csu_fini
 *fill*         0x000000000001aa32        0xe 
 .text          0x000000000001aa40        0xe /usr/lib/x86_64-linux-gnu/libc_nonshared.a(atexit.oS)
                0x000000000001aa40                atexit
 .text          0x000000000001aa4e        0x0 /usr/lib/gcc/x86_64-linux-gnu/7/crtendS.o
 .text          0x000000000001aa4e        0x0 /usr/lib/gcc/x86_64-linux-gnu/7/../../../x86_64-linux-gnu/crtn.o
 *(.gnu.warning)

.fini           0x000000000001aa50        0x9
 *(SORT_NONE(.fini))
 .fini          0x000000000001aa50        0x4 /usr/lib/gcc/x86_64-linux-gnu/7/../../../x86_64-linux-gnu/crti.o
                0x000000000001aa50                _fini
 .fini          0x000000000001aa54        0x5 /usr/lib/gcc/x86_64-linux-gnu/7/../../../x86_64-linux-gnu/crtn.o
                [!provide]                        PROVIDE (__etext = .)
                [!provide]                        PROVIDE (_etext = .)
                [!provide]                        PROVIDE (etext = .)

.rodata         0x000000000001aa60      0xa30
 *(.rodata .rodata.* .gnu.linkonce.r.*)
 .rodata.cst4   0x000000000001aa60        0x4 /usr/lib/gcc/x86_64-linux-gnu/7/../../../x86_64-linux-gnu/Scrt1.o
                0x000000000001aa60                _IO_stdin_used
 .rodata.str1.1
                0x000000000001aa64      0x1db moistureNode.o
                                        0x1dd (size before relaxing)
 *fill*         0x000000000001ac3f        0x1 
 .rodata.str1.8
                0x000000000001ac40      0x1e2 moistureNode.o
 *fill*         0x000000000001ae22        0x2 
 .rodata        0x000000000001ae24       0x18 moistureNode.o
 *fill*         0x000000000001ae3c        0x4 
 .rodata.cst16  0x000000000001ae40       0x50 moistureNode.o
 .rodata.str1.1
                0x000000000001ae90       0x14 build/native/contiki-ng-native.a(mqtt.o)
 .rodata.str1.1
                0x000000000001aea4       0x7a build/native/contiki-ng-native.a(contiki-main.o)
 *fill*         0x000000000001af1e        0x2 
 .rodata.str1.8
                0x000000000001af20       0x7c build/native/contiki-ng-native.a(contiki-main.o)
 .rodata.str1.1
                0x000000000001af9c        0xf build/native/contiki-ng-native.a(ctimer.o)
 .rodata.str1.1
                0x000000000001afab       0xa0 build/native/contiki-ng-native.a(log.o)
                                         0xac (size before relaxing)
 *fill*         0x000000000001b04b        0x1 
 .rodata        0x000000000001b04c       0x14 build/native/contiki-ng-native.a(log.o)
 .rodata.str1.1
                0x000000000001b060        0xc build/native/contiki-ng-native.a(etimer.o)
 .rodata.str1.1
                0x000000000001b06c       0x13 build/native/contiki-ng-native.a(button-hal.o)
 *fill*         0x000000000001b07f        0x1 
 .rodata        0x000000000001b080        0x8 build/native/contiki-ng-native.a(linkaddr.o)
                0x000000000001b080                linkaddr_null
 .rodata.str1.1
                0x000000000001b088        0x8 build/native/contiki-ng-native.a(nullmac.o)
 .rodata.str1.1
                0x000000000001b090       0x13 build/native/contiki-ng-native.a(tcp-socket.o)
 .rodata.str1.1
                0x000000000001b0a3        0xd build/native/contiki-ng-native.a(tcpip.o)
 .rodata        0x000000000001b0b0       0x84 build/native/contiki-ng-native.a(uip6.o)
 .rodata.str1.1
                0x000000000001b134       0x13 build/native/contiki-ng-native.a(simple-udp.o)
 .rodata.str1.1
                0x000000000001b147       0x28 build/native/contiki-ng-native.a(uiplib.o)
                                         0x2d (size before relaxing)
 .rodata.str1.1
                0x000000000001b16f        0x9 build/native/contiki-ng-native.a(rpl.o)
 .rodata.str1.1
                0x000000000001b178       0x2f build/native/contiki-ng-native.a(platform.o)
                                         0x47 (size before relaxing)
 *fill*         0x000000000001b1a7        0x1 
 .rodata        0x000000000001b1a8        0x8 build/native/contiki-ng-native.a(platform.o)
 .rodata        0x000000000001b1b0        0x1 build/native/contiki-ng-native.a(buttons.o)
                0x000000000001b1b0                button_hal_button_count
 .rodata.str1.1
                0x000000000001b1b1       0xa6 build/native/contiki-ng-native.a(tun6-net.o)
                                         0xb9 (size before relaxing)
 *fill*         0x000000000001b257        0x1 
 .rodata.str1.8
                0x000000000001b258       0xc7 build/native/contiki-ng-native.a(tun6-net.o)
 .rodata.str1.1
                0x000000000001b31f        0xe build/native/contiki-ng-native.a(serial-line.o)
 .rodata.str1.1
                0x000000000001b32d       0x44 build/native/contiki-ng-native.a(uip-sr.o)
 *fill*         0x000000000001b371        0x7 
 .rodata.str1.8
                0x000000000001b378       0x28 build/native/contiki-ng-native.a(rpl-neighbor.o)
                                         0x22 (size before relaxing)
 .rodata.str1.1
                0x000000000001b3a0       0x34 build/native/contiki-ng-native.a(rpl-neighbor.o)
                                         0x36 (size before relaxing)
 .rodata.str1.1
                0x000000000001b3d4       0xb0 build/native/contiki-ng-native.a(rpl-dag.o)
 .rodata.str1.1
                0x000000000001b484        0xc build/native/contiki-ng-native.a(rpl-timers.o)

.rodata1
 *(.rodata1)

.eh_frame_hdr   0x000000000001b490     0x121c
 *(.eh_frame_hdr)
 .eh_frame_hdr  0x000000000001b490     0x121c /usr/lib/gcc/x86_64-linux-gnu/7/../../../x86_64-linux-gnu/Scrt1.o
                0x000000000001b490                __GNU_EH_FRAME_HDR
 *(.eh_frame_entry .eh_frame_entry.*)

.eh_frame       0x000000000001c6b0     0x4828
 *(.eh_frame)
 .eh_frame      0x000000000001c6b0       0x30 /usr/lib/gcc/x86_64-linux-gnu/7/../../../x86_64-linux-gnu/Scrt1.o
                                         0x2c (size before relaxing)
 *fill*         0x000000000001c6e0        0x0 
 .eh_frame      0x000000000001c6e0       0x40 /usr/lib/gcc/x86_64-linux-gnu/7/../../../x86_64-linux-gnu/Scrt1.o
 .eh_frame      0x000000000001c720       0x18 /usr/lib/gcc/x86_64-linux-gnu/7/../../../x86_64-linux-gnu/Scrt1.o
                                         0x30 (size before relaxing)
 .eh_frame      0x000000000001c738      0x210 moistureNode.o
                                        0x228 (size before relaxing)
 .eh_frame      0x000000000001c948      0x420 build/native/contiki-ng-native.a(mqtt.o)
                                        0x438 (size before relaxing)
 .eh_frame      0x000000000001cd68       0x20 build/native/contiki-ng-native.a(contiki-main.o)
                                         0x38 (size before relaxing)
 .eh_frame      0x000000000001cd88       0x38 build/native/contiki-ng-native.a(autostart.o)
                                         0x50 (size before relaxing)
 .eh_frame      0x000000000001cdc0      0x118 build/native/contiki-ng-native.a(ctimer.o)
                                        0x130 (size before relaxing)
 .eh_frame      0x000000000001ced8      0x1a0 build/native/contiki-ng-native.a(log.o)
                                        0x1b8 (size before relaxing)
 .eh_frame      0x000000000001d078       0x40 build/native/contiki-ng-native.a(energest.o)
                                         0x58 (size before relaxing)
 .eh_frame      0x000000000001d0b8      0x1b0 build/native/contiki-ng-native.a(etimer.o)
                                        0x1c8 (size before relaxing)
 .eh_frame      0x000000000001d268       0x18 build/native/contiki-ng-native.a(node-id.o)
                                         0x30 (size before relaxing)
 .eh_frame      0x000000000001d280       0x50 build/native/contiki-ng-native.a(rtimer.o)
                                         0x68 (size before relaxing)
 .eh_frame      0x000000000001d2d0      0x188 build/native/contiki-ng-native.a(process.o)
                                        0x1a0 (size before relaxing)
 .eh_frame      0x000000000001d458       0x90 build/native/contiki-ng-native.a(timer.o)
                                         0xa8 (size before relaxing)
 .eh_frame      0x000000000001d4e8      0x108 build/native/contiki-ng-native.a(list.o)
                                        0x120 (size before relaxing)
 .eh_frame      0x000000000001d5f0      0x138 build/native/contiki-ng-native.a(button-hal.o)
                                        0x150 (size before relaxing)
 .eh_frame      0x000000000001d728       0xb8 build/native/contiki-ng-native.a(leds.o)
                                         0xd0 (size before relaxing)
 .eh_frame      0x000000000001d7e0       0xc8 build/native/contiki-ng-native.a(gpio-hal.o)
                                         0xe0 (size before relaxing)
 .eh_frame      0x000000000001d8a8      0x138 build/native/contiki-ng-native.a(queuebuf.o)
                                        0x150 (size before relaxing)
 .eh_frame      0x000000000001d9e0      0x1c0 build/native/contiki-ng-native.a(packetbuf.o)
                                        0x1d8 (size before relaxing)
 .eh_frame      0x000000000001dba0       0x78 build/native/contiki-ng-native.a(netstack.o)
                                         0x90 (size before relaxing)
 .eh_frame      0x000000000001dc18       0x40 build/native/contiki-ng-native.a(linkaddr.o)
                                         0x58 (size before relaxing)
 .eh_frame      0x000000000001dc58       0x78 build/native/contiki-ng-native.a(nullmac.o)
                                         0x90 (size before relaxing)
 .eh_frame      0x000000000001dcd0      0x3b8 build/native/contiki-ng-native.a(uip-ds6.o)
                                        0x3d0 (size before relaxing)
 .eh_frame      0x000000000001e088      0x200 build/native/contiki-ng-native.a(tcp-socket.o)
                                        0x218 (size before relaxing)
 .eh_frame      0x000000000001e288      0x1c0 build/native/contiki-ng-native.a(uip-ds6-route.o)
                                        0x1d8 (size before relaxing)
 .eh_frame      0x000000000001e448      0x208 build/native/contiki-ng-native.a(tcpip.o)
                                        0x220 (size before relaxing)
 .eh_frame      0x000000000001e650      0x218 build/native/contiki-ng-native.a(uip6.o)
                                        0x230 (size before relaxing)
 .eh_frame      0x000000000001e868      0x1b8 build/native/contiki-ng-native.a(uip-ds6-nbr.o)
                                        0x1d0 (size before relaxing)
 .eh_frame      0x000000000001ea20       0x60 build/native/contiki-ng-native.a(uip-nd6.o)
                                         0x78 (size before relaxing)
 .eh_frame      0x000000000001ea80       0xf0 build/native/contiki-ng-native.a(simple-udp.o)
                                        0x108 (size before relaxing)
 .eh_frame      0x000000000001eb70       0xc8 build/native/contiki-ng-native.a(uiplib.o)
                                         0xe0 (size before relaxing)
 .eh_frame      0x000000000001ec38      0x1b0 build/native/contiki-ng-native.a(rpl.o)
                                        0x1c8 (size before relaxing)
 .eh_frame      0x000000000001ede8      0x1f0 build/native/contiki-ng-native.a(rpl-icmp6.o)
                                        0x208 (size before relaxing)
 .eh_frame      0x000000000001efd8       0xa8 build/native/contiki-ng-native.a(rpl-dag-root.o)
                                         0xc0 (size before relaxing)
 .eh_frame      0x000000000001f080      0x128 build/native/contiki-ng-native.a(platform.o)
                                        0x140 (size before relaxing)
 .eh_frame      0x000000000001f1a8       0x60 build/native/contiki-ng-native.a(clock.o)
                                         0x78 (size before relaxing)
 .eh_frame      0x000000000001f208       0xf8 build/native/contiki-ng-native.a(tun6-net.o)
                                        0x110 (size before relaxing)
 .eh_frame      0x000000000001f300       0x50 build/native/contiki-ng-native.a(rtimer-arch.o)
                                         0x68 (size before relaxing)
 .eh_frame      0x000000000001f350       0x68 build/native/contiki-ng-native.a(watchdog.o)
                                         0x80 (size before relaxing)
 .eh_frame      0x000000000001f3b8       0x50 build/native/contiki-ng-native.a(int-master.o)
                                         0x68 (size before relaxing)
 .eh_frame      0x000000000001f408      0x130 build/native/contiki-ng-native.a(gpio-hal-arch.o)
                                        0x148 (size before relaxing)
 .eh_frame      0x000000000001f538       0xa8 build/native/contiki-ng-native.a(stimer.o)
                                         0xc0 (size before relaxing)
 .eh_frame      0x000000000001f5e0       0x70 build/native/contiki-ng-native.a(memb.o)
                                         0x88 (size before relaxing)
 .eh_frame      0x000000000001f650       0x30 build/native/contiki-ng-native.a(random.o)
                                         0x48 (size before relaxing)
 .eh_frame      0x000000000001f680       0x80 build/native/contiki-ng-native.a(serial-line.o)
                                         0x98 (size before relaxing)
 .eh_frame      0x000000000001f700      0x118 build/native/contiki-ng-native.a(nullradio.o)
                                        0x130 (size before relaxing)
 .eh_frame      0x000000000001f818      0x2b8 build/native/contiki-ng-native.a(nbr-table.o)
                                        0x2d0 (size before relaxing)
 .eh_frame      0x000000000001fad0      0x148 build/native/contiki-ng-native.a(link-stats.o)
                                        0x160 (size before relaxing)
 .eh_frame      0x000000000001fc18      0x178 build/native/contiki-ng-native.a(uipbuf.o)
                                        0x190 (size before relaxing)
 .eh_frame      0x000000000001fd90      0x198 build/native/contiki-ng-native.a(uip-icmp6.o)
                                        0x1b0 (size before relaxing)
 .eh_frame      0x000000000001ff28      0x210 build/native/contiki-ng-native.a(uip-sr.o)
                                        0x228 (size before relaxing)
 .eh_frame      0x0000000000020138       0xb8 build/native/contiki-ng-native.a(uip-packetqueue)
                                         0xd0 (size before relaxing)
 .eh_frame      0x00000000000201f0       0x48 build/native/contiki-ng-native.a(uip-udp-packet.)
                                         0x60 (size before relaxing)
 .eh_frame      0x0000000000020238       0x50 build/native/contiki-ng-native.a(rpl-nbr-policy.)
                                         0x68 (size before relaxing)
 .eh_frame      0x0000000000020288      0x260 build/native/contiki-ng-native.a(rpl-neighbor.o)
                                        0x278 (size before relaxing)
 .eh_frame      0x00000000000204e8      0x348 build/native/contiki-ng-native.a(rpl-dag.o)
                                        0x360 (size before relaxing)
 .eh_frame      0x0000000000020830      0x338 build/native/contiki-ng-native.a(rpl-timers.o)
                                        0x350 (size before relaxing)
 .eh_frame      0x0000000000020b68      0x140 build/native/contiki-ng-native.a(rpl-ext-header.)
                                        0x158 (size before relaxing)
 .eh_frame      0x0000000000020ca8      0x150 build/native/contiki-ng-native.a(rpl-mrhof.o)
                                        0x168 (size before relaxing)
 .eh_frame      0x0000000000020df8       0x68 build/native/contiki-ng-native.a(ringbuf.o)
                                         0x80 (size before relaxing)
 .eh_frame      0x0000000000020e60       0x60 /usr/lib/x86_64-linux-gnu/libc_nonshared.a(elf-init.oS)
                                         0x78 (size before relaxing)
 .eh_frame      0x0000000000020ec0       0x14 /usr/lib/x86_64-linux-gnu/libc_nonshared.a(atexit.oS)
                                         0x30 (size before relaxing)
 .eh_frame      0x0000000000020ed4        0x4 /usr/lib/gcc/x86_64-linux-gnu/7/crtendS.o
 *(.eh_frame.*)

.gcc_except_table
 *(.gcc_except_table .gcc_except_table.*)

.gnu_extab
 *(.gnu_extab*)

.exception_ranges
 *(.exception_ranges .exception_ranges*)
                0x0000000000221a70                . = DATA_SEGMENT_ALIGN (CONSTANT (MAXPAGESIZE), CONSTANT (COMMONPAGESIZE))

.eh_frame
 *(.eh_frame)
 *(.eh_frame.*)

.gnu_extab
 *(.gnu_extab)

.gcc_except_table
 *(.gcc_except_table .gcc_except_table.*)

.exception_ranges
 *(.exception_ranges .exception_ranges*)

.tdata
 *(.tdata .tdata.* .gnu.linkonce.td.*)

.tbss
 *(.tbss .tbss.* .gnu.linkonce.tb.*)
 *(.tcommon)

.preinit_array  0x0000000000221a70        0x0
                [!provide]                        PROVIDE (__preinit_array_start = .)
 *(.preinit_array)
                [!provide]                        PROVIDE (__preinit_array_end = .)

.init_array     0x0000000000221a70        0x8
                0x0000000000221a70                PROVIDE (__init_array_start = .)
 *(SORT_BY_INIT_PRIORITY(.init_array.*) SORT_BY_INIT_PRIORITY(.ctors.*))
 *(.init_array EXCLUDE_FILE(*crtend?.o *crtend.o *crtbegin?.o *crtbegin.o) .ctors)
 .init_array    0x0000000000221a70        0x8 /usr/lib/gcc/x86_64-linux-gnu/7/crtbeginS.o
                0x0000000000221a78                PROVIDE (__init_array_end = .)

.fini_array     0x0000000000221a78        0x8
                [!provide]                        PROVIDE (__fini_array_start = .)
 *(SORT_BY_INIT_PRIORITY(.fini_array.*) SORT_BY_INIT_PRIORITY(.dtors.*))
 *(.fini_array EXCLUDE_FILE(*crtend?.o *crtend.o *crtbegin?.o *crtbegin.o) .dtors)
 .fini_array    0x0000000000221a78        0x8 /usr/lib/gcc/x86_64-linux-gnu/7/crtbeginS.o
                [!provide]                        PROVIDE (__fini_array_end = .)

.ctors
 *crtbegin.o(.ctors)
 *crtbegin?.o(.ctors)
 *(EXCLUDE_FILE(*crtend?.o *crtend.o) .ctors)
 *(SORT_BY_NAME(.ctors.*))
 *(.ctors)

.dtors
 *crtbegin.o(.dtors)
 *crtbegin?.o(.dtors)
 *(EXCLUDE_FILE(*crtend?.o *crtend.o) .dtors)
 *(SORT_BY_NAME(.dtors.*))
 *(.dtors)

.jcr
 *(.jcr)

.data.rel.ro    0x0000000000221a80      0x1e8
 *(.data.rel.ro.local* .gnu.linkonce.d.rel.ro.local.*)
 .data.rel.ro.local
                0x0000000000221a80       0x10 moistureNode.o
                0x0000000000221a80                autostart_processes
 *fill*         0x0000000000221a90       0x10 
 .data.rel.ro.local
                0x0000000000221aa0       0x38 build/native/contiki-ng-native.a(nullmac.o)
                0x0000000000221aa0                nullmac_driver
 *fill*         0x0000000000221ad8        0x8 
 .data.rel.ro.local
                0x0000000000221ae0       0x10 build/native/contiki-ng-native.a(platform.o)
 *fill*         0x0000000000221af0       0x10 
 .data.rel.ro.local
                0x0000000000221b00       0x30 build/native/contiki-ng-native.a(tun6-net.o)
                0x0000000000221b00                tun6_net_driver
 *fill*         0x0000000000221b30       0x10 
 .data.rel.ro.local
                0x0000000000221b40       0x70 build/native/contiki-ng-native.a(nullradio.o)
                0x0000000000221b40                nullradio_driver
 *(.data.rel.ro .data.rel.ro.* .gnu.linkonce.d.rel.ro.*)
 .data.rel.ro   0x0000000000221bb0        0x0 /usr/lib/gcc/x86_64-linux-gnu/7/../../../x86_64-linux-gnu/Scrt1.o
 *fill*         0x0000000000221bb0       0x10 
 .data.rel.ro   0x0000000000221bc0       0xa8 build/native/contiki-ng-native.a(rpl.o)
                0x0000000000221bc0                rpl_lite_driver

.dynamic        0x0000000000221c68      0x200
 *(.dynamic)
 .dynamic       0x0000000000221c68      0x200 /usr/lib/gcc/x86_64-linux-gnu/7/../../../x86_64-linux-gnu/Scrt1.o
                0x0000000000221c68                _DYNAMIC

.got            0x0000000000221e68      0x188
 *(.got.plt)
 .got.plt       0x0000000000221e68      0x160 /usr/lib/gcc/x86_64-linux-gnu/7/../../../x86_64-linux-gnu/Scrt1.o
                0x0000000000221e68                _GLOBAL_OFFSET_TABLE_
 *(.igot.plt)
 *(.got)
 .got           0x0000000000221fc8       0x28 /usr/lib/gcc/x86_64-linux-gnu/7/../../../x86_64-linux-gnu/Scrt1.o
 *(.igot)
                0x0000000000222000                . = DATA_SEGMENT_RELRO_END (., 0x0)

.data           0x0000000000222000      0x588
 *(.data .data.* .gnu.linkonce.d.*)
 .data          0x0000000000222000        0x4 /usr/lib/gcc/x86_64-linux-gnu/7/../../../x86_64-linux-gnu/Scrt1.o
                0x0000000000222000                data_start
                0x0000000000222000                __data_start
 .data          0x0000000000222004        0x0 /usr/lib/gcc/x86_64-linux-gnu/7/../../../x86_64-linux-gnu/crti.o
 .data          0x0000000000222004        0x0 /usr/lib/gcc/x86_64-linux-gnu/7/crtbeginS.o
 *fill*         0x0000000000222004        0x4 
 .data.rel.local
                0x0000000000222008        0x8 /usr/lib/gcc/x86_64-linux-gnu/7/crtbeginS.o
                0x0000000000222008                __dso_handle
 .data          0x0000000000222010       0x37 moistureNode.o
 *fill*         0x0000000000222047       0x19 
 .data.rel.local
                0x0000000000222060       0x20 moistureNode.o
                0x0000000000222060                mqtt_client_process
 .data          0x0000000000222080        0x0 build/native/contiki-ng-native.a(mqtt.o)
 .data.rel.local
                0x0000000000222080       0x20 build/native/contiki-ng-native.a(mqtt.o)
                0x0000000000222080                mqtt_process
 .data          0x00000000002220a0        0x0 build/native/contiki-ng-native.a(contiki-main.o)
 .data          0x00000000002220a0        0x0 build/native/contiki-ng-native.a(autostart.o)
 .data          0x00000000002220a0        0x0 build/native/contiki-ng-native.a(ctimer.o)
 .data.rel.local
                0x00000000002220a0       0x20 build/native/contiki-ng-native.a(ctimer.o)
                0x00000000002220a0                ctimer_process
 .data          0x00000000002220c0        0x4 build/native/contiki-ng-native.a(log.o)
                0x00000000002220c0                curr_log_level_main
 *fill*         0x00000000002220c4       0x1c 
 .data.rel.local
                0x00000000002220e0      0x138 build/native/contiki-ng-native.a(log.o)
                0x00000000002220e0                all_modules
 .data          0x0000000000222218        0x0 build/native/contiki-ng-native.a(energest.o)
 .data          0x0000000000222218        0x0 build/native/contiki-ng-native.a(etimer.o)
 *fill*         0x0000000000222218        0x8 
 .data.rel.local
                0x0000000000222220       0x20 build/native/contiki-ng-native.a(etimer.o)
                0x0000000000222220                etimer_process
 .data          0x0000000000222240        0x0 build/native/contiki-ng-native.a(node-id.o)
 .data          0x0000000000222240        0x0 build/native/contiki-ng-native.a(rtimer.o)
 .data          0x0000000000222240        0x0 build/native/contiki-ng-native.a(process.o)
 .data          0x0000000000222240        0x0 build/native/contiki-ng-native.a(timer.o)
 .data          0x0000000000222240        0x0 build/native/contiki-ng-native.a(list.o)
 .data          0x0000000000222240        0x0 build/native/contiki-ng-native.a(button-hal.o)
 .data.rel.local
                0x0000000000222240       0x20 build/native/contiki-ng-native.a(button-hal.o)
                0x0000000000222240                button_hal_process
 .data          0x0000000000222260        0x0 build/native/contiki-ng-native.a(leds.o)
 .data          0x0000000000222260        0x0 build/native/contiki-ng-native.a(gpio-hal.o)
 .data          0x0000000000222260        0x0 build/native/contiki-ng-native.a(queuebuf.o)
 .data.rel.local
                0x0000000000222260       0x38 build/native/contiki-ng-native.a(queuebuf.o)
 .data          0x0000000000222298        0x0 build/native/contiki-ng-native.a(packetbuf.o)
 .data          0x0000000000222298        0x0 build/native/contiki-ng-native.a(netstack.o)
 .data          0x0000000000222298        0x0 build/native/contiki-ng-native.a(linkaddr.o)
 .data          0x0000000000222298        0x0 build/native/contiki-ng-native.a(nullmac.o)
 .data          0x0000000000222298        0x0 build/native/contiki-ng-native.a(uip-ds6.o)
 .data          0x0000000000222298        0x0 build/native/contiki-ng-native.a(tcp-socket.o)
 *fill*         0x0000000000222298        0x8 
 .data.rel.local
                0x00000000002222a0       0x20 build/native/contiki-ng-native.a(tcp-socket.o)
                0x00000000002222a0                tcp_socket_process
 .data          0x00000000002222c0        0x0 build/native/contiki-ng-native.a(uip-ds6-route.o)
 .data.rel.local
                0x00000000002222c0       0x18 build/native/contiki-ng-native.a(uip-ds6-route.o)
 .data          0x00000000002222d8        0x0 build/native/contiki-ng-native.a(tcpip.o)
 *fill*         0x00000000002222d8        0x8 
 .data.rel.local
                0x00000000002222e0       0x20 build/native/contiki-ng-native.a(tcpip.o)
                0x00000000002222e0                tcpip_process
 .data          0x0000000000222300        0x0 build/native/contiki-ng-native.a(uip6.o)
 .data          0x0000000000222300        0x0 build/native/contiki-ng-native.a(uip-ds6-nbr.o)
 .data.rel.local
                0x0000000000222300       0x18 build/native/contiki-ng-native.a(uip-ds6-nbr.o)
 .data          0x0000000000222318        0x0 build/native/contiki-ng-native.a(uip-nd6.o)
 *fill*         0x0000000000222318        0x8 
 .data.rel.local
                0x0000000000222320       0x18 build/native/contiki-ng-native.a(uip-nd6.o)
 .data          0x0000000000222338        0x0 build/native/contiki-ng-native.a(simple-udp.o)
 *fill*         0x0000000000222338        0x8 
 .data.rel.local
                0x0000000000222340       0x20 build/native/contiki-ng-native.a(simple-udp.o)
                0x0000000000222340                simple_udp_process
 .data          0x0000000000222360        0x0 build/native/contiki-ng-native.a(uiplib.o)
 .data          0x0000000000222360        0x0 build/native/contiki-ng-native.a(rpl.o)
 .data          0x0000000000222360        0x0 build/native/contiki-ng-native.a(rpl-icmp6.o)
 .data.rel.local
                0x0000000000222360       0x78 build/native/contiki-ng-native.a(rpl-icmp6.o)
 .data          0x00000000002223d8        0x0 build/native/contiki-ng-native.a(rpl-dag-root.o)
 .data          0x00000000002223d8        0x0 build/native/contiki-ng-native.a(platform.o)
 .data          0x00000000002223d8        0x0 build/native/contiki-ng-native.a(clock.o)
 .data          0x00000000002223d8        0x0 build/native/contiki-ng-native.a(buttons.o)
 *fill*         0x00000000002223d8        0x8 
 .data          0x00000000002223e0       0x21 build/native/contiki-ng-native.a(tun6-net.o)
 .data          0x0000000000222401        0x0 build/native/contiki-ng-native.a(rtimer-arch.o)
 .data          0x0000000000222401        0x0 build/native/contiki-ng-native.a(watchdog.o)
 .data          0x0000000000222401        0x0 build/native/contiki-ng-native.a(int-master.o)
 .data          0x0000000000222401        0x0 build/native/contiki-ng-native.a(gpio-hal-arch.o)
 .data          0x0000000000222401        0x0 build/native/contiki-ng-native.a(stimer.o)
 .data          0x0000000000222401        0x0 build/native/contiki-ng-native.a(memb.o)
 .data          0x0000000000222401        0x0 build/native/contiki-ng-native.a(random.o)
 .data          0x0000000000222401        0x0 build/native/contiki-ng-native.a(serial-line.o)
 *fill*         0x0000000000222401       0x1f 
 .data.rel.local
                0x0000000000222420       0x20 build/native/contiki-ng-native.a(serial-line.o)
                0x0000000000222420                serial_line_process
 .data          0x0000000000222440        0x0 build/native/contiki-ng-native.a(nullradio.o)
 .data          0x0000000000222440        0x0 build/native/contiki-ng-native.a(nbr-table.o)
 .data.rel.local
                0x0000000000222440       0x18 build/native/contiki-ng-native.a(nbr-table.o)
 .data          0x0000000000222458        0x0 build/native/contiki-ng-native.a(link-stats.o)
 *fill*         0x0000000000222458        0x8 
 .data.rel.local
                0x0000000000222460       0x18 build/native/contiki-ng-native.a(link-stats.o)
 .data          0x0000000000222478        0x0 build/native/contiki-ng-native.a(uipbuf.o)
 .data          0x0000000000222478        0x0 build/native/contiki-ng-native.a(uip-icmp6.o)
 *fill*         0x0000000000222478        0x8 
 .data.rel.local
                0x0000000000222480       0x38 build/native/contiki-ng-native.a(uip-icmp6.o)
 .data          0x00000000002224b8        0x0 build/native/contiki-ng-native.a(uip-sr.o)
 *fill*         0x00000000002224b8        0x8 
 .data.rel.local
                0x00000000002224c0       0x18 build/native/contiki-ng-native.a(uip-sr.o)
 .data          0x00000000002224d8        0x0 build/native/contiki-ng-native.a(uip-packetqueue)
 *fill*         0x00000000002224d8        0x8 
 .data.rel.local
                0x00000000002224e0       0x18 build/native/contiki-ng-native.a(uip-packetqueue)
 .data          0x00000000002224f8        0x0 build/native/contiki-ng-native.a(uip-udp-packet.)
 .data          0x00000000002224f8        0x0 build/native/contiki-ng-native.a(rpl-nbr-policy.)
 .data          0x00000000002224f8        0x0 build/native/contiki-ng-native.a(rpl-neighbor.o)
 *fill*         0x00000000002224f8        0x8 
 .data.rel.local
                0x0000000000222500       0x28 build/native/contiki-ng-native.a(rpl-neighbor.o)
                0x0000000000222500                rpl_neighbors
 .data          0x0000000000222528        0x0 build/native/contiki-ng-native.a(rpl-dag.o)
 .data          0x0000000000222528        0x0 build/native/contiki-ng-native.a(rpl-timers.o)
 .data          0x0000000000222528        0x0 build/native/contiki-ng-native.a(rpl-ext-header.)
 .data          0x0000000000222528        0x0 build/native/contiki-ng-native.a(rpl-mrhof.o)
 *fill*         0x0000000000222528       0x18 
 .data.rel.local
                0x0000000000222540       0x48 build/native/contiki-ng-native.a(rpl-mrhof.o)
                0x0000000000222540                rpl_mrhof
 .data          0x0000000000222588        0x0 build/native/contiki-ng-native.a(ringbuf.o)
 .data          0x0000000000222588        0x0 /usr/lib/x86_64-linux-gnu/libc_nonshared.a(elf-init.oS)
 .data          0x0000000000222588        0x0 /usr/lib/x86_64-linux-gnu/libc_nonshared.a(atexit.oS)
 .data          0x0000000000222588        0x0 /usr/lib/gcc/x86_64-linux-gnu/7/crtendS.o
 .data          0x0000000000222588        0x0 /usr/lib/gcc/x86_64-linux-gnu/7/../../../x86_64-linux-gnu/crtn.o

.tm_clone_table
                0x0000000000222588        0x0
 .tm_clone_table
                0x0000000000222588        0x0 /usr/lib/gcc/x86_64-linux-gnu/7/crtbeginS.o
 .tm_clone_table
                0x0000000000222588        0x0 /usr/lib/gcc/x86_64-linux-gnu/7/crtendS.o

.data1
 *(.data1)
                0x0000000000222588                _edata = .
                [!provide]                        PROVIDE (edata = .)
                0x0000000000222588                . = .
                0x0000000000222588                __bss_start = .

.bss            0x00000000002225a0     0xf240
 *(.dynbss)
 .dynbss        0x00000000002225a0       0x28 /usr/lib/gcc/x86_64-linux-gnu/7/../../../x86_64-linux-gnu/Scrt1.o
                0x00000000002225a0                stdout@@GLIBC_2.2.5
                0x00000000002225c0                stderr@@GLIBC_2.2.5
 *(.bss .bss.* .gnu.linkonce.b.*)
 .bss           0x00000000002225c8        0x0 /usr/lib/gcc/x86_64-linux-gnu/7/../../../x86_64-linux-gnu/Scrt1.o
 .bss           0x00000000002225c8        0x0 /usr/lib/gcc/x86_64-linux-gnu/7/../../../x86_64-linux-gnu/crti.o
 .bss           0x00000000002225c8        0x1 /usr/lib/gcc/x86_64-linux-gnu/7/crtbeginS.o
 *fill*         0x00000000002225c9       0x17 
 .bss           0x00000000002225e0      0xa61 moistureNode.o
 *fill*         0x0000000000223041        0x7 
 .bss           0x0000000000223048       0x23 build/native/contiki-ng-native.a(mqtt.o)
 .bss           0x000000000022306b        0x0 build/native/contiki-ng-native.a(contiki-main.o)
 .bss           0x000000000022306b        0x0 build/native/contiki-ng-native.a(autostart.o)
 *fill*         0x000000000022306b        0x5 
 .bss           0x0000000000223070       0x10 build/native/contiki-ng-native.a(ctimer.o)
 .bss           0x0000000000223080       0x2c build/native/contiki-ng-native.a(log.o)
                0x0000000000223080                curr_log_level_lwm2m
                0x0000000000223084                curr_log_level_snmp
                0x0000000000223088                curr_log_level_coap
                0x000000000022308c                curr_log_level_6top
                0x0000000000223090                curr_log_level_framer
                0x0000000000223094                curr_log_level_mac
                0x0000000000223098                curr_log_level_nullnet
                0x000000000022309c                curr_log_level_6lowpan
                0x00000000002230a0                curr_log_level_ipv6
                0x00000000002230a4                curr_log_level_tcpip
                0x00000000002230a8                curr_log_level_rpl
 .bss           0x00000000002230ac        0x0 build/native/contiki-ng-native.a(energest.o)
 *fill*         0x00000000002230ac        0x4 
 .bss           0x00000000002230b0       0x10 build/native/contiki-ng-native.a(etimer.o)
 .bss           0x00000000002230c0        0x2 build/native/contiki-ng-native.a(node-id.o)
                0x00000000002230c0                node_id
 *fill*         0x00000000002230c2        0x6 
 .bss           0x00000000002230c8        0x8 build/native/contiki-ng-native.a(rtimer.o)
 *fill*         0x00000000002230d0       0x10 
 .bss           0x00000000002230e0      0x323 build/native/contiki-ng-native.a(process.o)
                0x00000000002230e0                process_current
                0x00000000002230e8                process_list
 .bss           0x0000000000223403        0x0 build/native/contiki-ng-native.a(timer.o)
 .bss           0x0000000000223403        0x0 build/native/contiki-ng-native.a(list.o)
 *fill*         0x0000000000223403        0xd 
 .bss           0x0000000000223410       0x1c build/native/contiki-ng-native.a(button-hal.o)
 .bss           0x000000000022342c        0x0 build/native/contiki-ng-native.a(leds.o)
 *fill*         0x000000000022342c        0x4 
 .bss           0x0000000000223430        0x8 build/native/contiki-ng-native.a(gpio-hal.o)
 *fill*         0x0000000000223438        0x8 
 .bss           0x0000000000223440     0x2d80 build/native/contiki-ng-native.a(queuebuf.o)
 .bss           0x00000000002261c0       0x86 build/native/contiki-ng-native.a(packetbuf.o)
 *fill*         0x0000000000226246        0x2 
 .bss           0x0000000000226248        0x8 build/native/contiki-ng-native.a(netstack.o)
 .bss           0x0000000000226250        0x0 build/native/contiki-ng-native.a(linkaddr.o)
 .bss           0x0000000000226250        0x0 build/native/contiki-ng-native.a(nullmac.o)
 .bss           0x0000000000226250       0x40 build/native/contiki-ng-native.a(uip-ds6.o)
 .bss           0x0000000000226290       0x10 build/native/contiki-ng-native.a(tcp-socket.o)
 .bss           0x00000000002262a0       0x70 build/native/contiki-ng-native.a(uip-ds6-route.o)
 *fill*         0x0000000000226310       0x10 
 .bss           0x0000000000226320      0x180 build/native/contiki-ng-native.a(tcpip.o)
 .bss           0x00000000002264a0        0xc build/native/contiki-ng-native.a(uip6.o)
                0x00000000002264a0                uip_last_proto
                0x00000000002264a2                uip_ext_len
                0x00000000002264a4                uip_ext_bitmap
 *fill*         0x00000000002264ac       0x14 
 .bss           0x00000000002264c0     0x2580 build/native/contiki-ng-native.a(uip-ds6-nbr.o)
 .bss           0x0000000000228a40       0x1a build/native/contiki-ng-native.a(uip-nd6.o)
 *fill*         0x0000000000228a5a        0x6 
 .bss           0x0000000000228a60      0x501 build/native/contiki-ng-native.a(simple-udp.o)
 .bss           0x0000000000228f61        0x0 build/native/contiki-ng-native.a(uiplib.o)
 .bss           0x0000000000228f61        0x1 build/native/contiki-ng-native.a(rpl.o)
 .bss           0x0000000000228f62        0x0 build/native/contiki-ng-native.a(rpl-icmp6.o)
 *fill*         0x0000000000228f62        0xe 
 .bss           0x0000000000228f70       0x11 build/native/contiki-ng-native.a(rpl-dag-root.o)
 *fill*         0x0000000000228f81       0x1f 
 .bss           0x0000000000228fa0       0x60 build/native/contiki-ng-native.a(platform.o)
                0x0000000000228fa0                contiki_argc
 .bss           0x0000000000229000        0x0 build/native/contiki-ng-native.a(clock.o)
 .bss           0x0000000000229000        0x8 build/native/contiki-ng-native.a(buttons.o)
                0x0000000000229000                button_hal_buttons
 .bss           0x0000000000229008        0x0 build/native/contiki-ng-native.a(tun6-net.o)
 .bss           0x0000000000229008        0x0 build/native/contiki-ng-native.a(rtimer-arch.o)
 .bss           0x0000000000229008        0x0 build/native/contiki-ng-native.a(watchdog.o)
 .bss           0x0000000000229008        0x4 build/native/contiki-ng-native.a(int-master.o)
 *fill*         0x000000000022900c       0x14 
 .bss           0x0000000000229020       0xa0 build/native/contiki-ng-native.a(gpio-hal-arch.o)
 .bss           0x00000000002290c0        0x0 build/native/contiki-ng-native.a(stimer.o)
 .bss           0x00000000002290c0        0x0 build/native/contiki-ng-native.a(memb.o)
 .bss           0x00000000002290c0        0x0 build/native/contiki-ng-native.a(random.o)
 .bss           0x00000000002290c0      0x150 build/native/contiki-ng-native.a(serial-line.o)
 .bss           0x0000000000229210        0x0 build/native/contiki-ng-native.a(nullradio.o)
 *fill*         0x0000000000229210       0x10 
 .bss           0x0000000000229220     0x16cc build/native/contiki-ng-native.a(nbr-table.o)
 *fill*         0x000000000022a8ec       0x14 
 .bss           0x000000000022a900     0x12c0 build/native/contiki-ng-native.a(link-stats.o)
 .bss           0x000000000022bbc0       0x20 build/native/contiki-ng-native.a(uipbuf.o)
 .bss           0x000000000022bbe0       0x20 build/native/contiki-ng-native.a(uip-icmp6.o)
 .bss           0x000000000022bc00     0x301c build/native/contiki-ng-native.a(uip-sr.o)
 *fill*         0x000000000022ec1c        0x4 
 .bss           0x000000000022ec20      0xab2 build/native/contiki-ng-native.a(uip-packetqueue)
 .bss           0x000000000022f6d2        0x0 build/native/contiki-ng-native.a(uip-udp-packet.)
 .bss           0x000000000022f6d2        0x0 build/native/contiki-ng-native.a(rpl-nbr-policy.)
 *fill*         0x000000000022f6d2        0xe 
 .bss           0x000000000022f6e0     0x12c0 build/native/contiki-ng-native.a(rpl-neighbor.o)
 .bss           0x00000000002309a0        0x0 build/native/contiki-ng-native.a(rpl-dag.o)
 .bss           0x00000000002309a0       0x80 build/native/contiki-ng-native.a(rpl-timers.o)
 .bss           0x0000000000230a20        0x0 build/native/contiki-ng-native.a(rpl-ext-header.)
 .bss           0x0000000000230a20        0x0 build/native/contiki-ng-native.a(rpl-mrhof.o)
 .bss           0x0000000000230a20        0x0 build/native/contiki-ng-native.a(ringbuf.o)
 .bss           0x0000000000230a20        0x0 /usr/lib/x86_64-linux-gnu/libc_nonshared.a(elf-init.oS)
 .bss           0x0000000000230a20        0x0 /usr/lib/x86_64-linux-gnu/libc_nonshared.a(atexit.oS)
 .bss           0x0000000000230a20        0x0 /usr/lib/gcc/x86_64-linux-gnu/7/crtendS.o
 .bss           0x0000000000230a20        0x0 /usr/lib/gcc/x86_64-linux-gnu/7/../../../x86_64-linux-gnu/crtn.o
 *(COMMON)
 COMMON         0x0000000000230a20        0x1 build/native/contiki-ng-native.a(mqtt.o)
                0x0000000000230a20                mqtt_update_event
 COMMON         0x0000000000230a21        0x3 build/native/contiki-ng-native.a(button-hal.o)
                0x0000000000230a21                button_hal_periodic_event
                0x0000000000230a22                button_hal_press_event
                0x0000000000230a23                button_hal_release_event
 *fill*         0x0000000000230a24        0xc 
 COMMON         0x0000000000230a30       0x30 build/native/contiki-ng-native.a(packetbuf.o)
                0x0000000000230a30                packetbuf_attrs
                0x0000000000230a50                packetbuf_addrs
 COMMON         0x0000000000230a60        0x8 build/native/contiki-ng-native.a(linkaddr.o)
                0x0000000000230a60                linkaddr_node_addr
 *fill*         0x0000000000230a68       0x18 
 COMMON         0x0000000000230a80      0x1f1 build/native/contiki-ng-native.a(uip-ds6.o)
                0x0000000000230a80                uip_ds6_prefix_list
                0x0000000000230ae0                uip_ds6_timer_periodic
                0x0000000000230b00                uip_ds6_netif_addr_list_offset
                0x0000000000230b20                uip_ds6_if
                0x0000000000230c60                uip_ds6_timer_ra
                0x0000000000230c70                uip_ds6_addr_size
 COMMON         0x0000000000230c71        0x1 build/native/contiki-ng-native.a(tcpip.o)
                0x0000000000230c71                tcpip_event
 *fill*         0x0000000000230c72        0xe 
 COMMON         0x0000000000230c80      0x890 build/native/contiki-ng-native.a(uip6.o)
                0x0000000000230c80                uip_slen
                0x0000000000230c82                uip_acc32
                0x0000000000230ca0                uip_conns
                0x0000000000230e60                uip_lladdr
                0x0000000000230e68                uip_appdata
                0x0000000000230e70                uip_flags
                0x0000000000230e80                uip_aligned_buf
                0x0000000000231380                uip_listenports
                0x00000000002313a8                uip_len
                0x00000000002313b0                uip_sappdata
                0x00000000002313c0                uip_udp_conns
                0x0000000000231500                uip_udp_conn
                0x0000000000231508                uip_conn
 COMMON         0x0000000000231510       0x10 build/native/contiki-ng-native.a(rpl.o)
                0x0000000000231510                rpl_multicast_addr
 COMMON         0x0000000000231520        0x8 build/native/contiki-ng-native.a(platform.o)
                0x0000000000231520                contiki_argv
 COMMON         0x0000000000231528        0x1 build/native/contiki-ng-native.a(serial-line.o)
                0x0000000000231528                serial_line_event_message
 *fill*         0x0000000000231529       0x17 
 COMMON         0x0000000000231540       0x40 build/native/contiki-ng-native.a(link-stats.o)
                0x0000000000231540                periodic_timer
 COMMON         0x0000000000231580      0x260 build/native/contiki-ng-native.a(rpl-dag.o)
                0x0000000000231580                curr_instance
                0x00000000002317e0                . = ALIGN ((. != 0x0)?0x8:0x1)

.lbss
 *(.dynlbss)
 *(.lbss .lbss.* .gnu.linkonce.lb.*)
 *(LARGE_COMMON)
                0x00000000002317e0                . = ALIGN (0x8)
                0x00000000002317e0                . = SEGMENT_START ("ldata-segment", .)

.lrodata
 *(.lrodata .lrodata.* .gnu.linkonce.lr.*)

.ldata          0x00000000006317e0        0x0
 *(.ldata .ldata.* .gnu.linkonce.l.*)
                0x00000000006317e0                . = ALIGN ((. != 0x0)?0x8:0x1)
                0x00000000006317e0                . = ALIGN (0x8)
                0x00000000006317e0                _end = .
                [!provide]                        PROVIDE (end = .)
                0x00000000006317e0                . = DATA_SEGMENT_END (.)

.stab
 *(.stab)

.stabstr
 *(.stabstr)

.stab.excl
 *(.stab.excl)

.stab.exclstr
 *(.stab.exclstr)

.stab.index
 *(.stab.index)

.stab.indexstr
 *(.stab.indexstr)

.comment        0x0000000000000000       0x29
 *(.comment)
 .comment       0x0000000000000000       0x29 /usr/lib/gcc/x86_64-linux-gnu/7/crtbeginS.o
                                         0x2a (size before relaxing)
 .comment       0x0000000000000029       0x2a moistureNode.o
 .comment       0x0000000000000029       0x2a build/native/contiki-ng-native.a(mqtt.o)
 .comment       0x0000000000000029       0x2a build/native/contiki-ng-native.a(contiki-main.o)
 .comment       0x0000000000000029       0x2a build/native/contiki-ng-native.a(autostart.o)
 .comment       0x0000000000000029       0x2a build/native/contiki-ng-native.a(ctimer.o)
 .comment       0x0000000000000029       0x2a build/native/contiki-ng-native.a(log.o)
 .comment       0x0000000000000029       0x2a build/native/contiki-ng-native.a(energest.o)
 .comment       0x0000000000000029       0x2a build/native/contiki-ng-native.a(etimer.o)
 .comment       0x0000000000000029       0x2a build/native/contiki-ng-native.a(node-id.o)
 .comment       0x0000000000000029       0x2a build/native/contiki-ng-native.a(rtimer.o)
 .comment       0x0000000000000029       0x2a build/native/contiki-ng-native.a(process.o)
 .comment       0x0000000000000029       0x2a build/native/contiki-ng-native.a(timer.o)
 .comment       0x0000000000000029       0x2a build/native/contiki-ng-native.a(list.o)
 .comment       0x0000000000000029       0x2a build/native/contiki-ng-native.a(button-hal.o)
 .comment       0x0000000000000029       0x2a build/native/contiki-ng-native.a(leds.o)
 .comment       0x0000000000000029       0x2a build/native/contiki-ng-native.a(gpio-hal.o)
 .comment       0x0000000000000029       0x2a build/native/contiki-ng-native.a(queuebuf.o)
 .comment       0x0000000000000029       0x2a build/native/contiki-ng-native.a(packetbuf.o)
 .comment       0x0000000000000029       0x2a build/native/contiki-ng-native.a(netstack.o)
 .comment       0x0000000000000029       0x2a build/native/contiki-ng-native.a(linkaddr.o)
 .comment       0x0000000000000029       0x2a build/native/contiki-ng-native.a(nullmac.o)
 .comment       0x0000000000000029       0x2a build/native/contiki-ng-native.a(uip-ds6.o)
 .comment       0x0000000000000029       0x2a build/native/contiki-ng-native.a(tcp-socket.o)
 .comment       0x0000000000000029       0x2a build/native/contiki-ng-native.a(uip-ds6-route.o)
 .comment       0x0000000000000029       0x2a build/native/contiki-ng-native.a(tcpip.o)
 .comment       0x0000000000000029       0x2a build/native/contiki-ng-native.a(uip6.o)
 .comment       0x0000000000000029       0x2a build/native/contiki-ng-native.a(uip-ds6-nbr.o)
 .comment       0x0000000000000029       0x2a build/native/contiki-ng-native.a(uip-nd6.o)
 .comment       0x0000000000000029       0x2a build/native/contiki-ng-native.a(simple-udp.o)
 .comment       0x0000000000000029       0x2a build/native/contiki-ng-native.a(uiplib.o)
 .comment       0x0000000000000029       0x2a build/native/contiki-ng-native.a(rpl.o)
 .comment       0x0000000000000029       0x2a build/native/contiki-ng-native.a(rpl-icmp6.o)
 .comment       0x0000000000000029       0x2a build/native/contiki-ng-native.a(rpl-dag-root.o)
 .comment       0x0000000000000029       0x2a build/native/contiki-ng-native.a(platform.o)
 .comment       0x0000000000000029       0x2a build/native/contiki-ng-native.a(clock.o)
 .comment       0x0000000000000029       0x2a build/native/contiki-ng-native.a(buttons.o)
 .comment       0x0000000000000029       0x2a build/native/contiki-ng-native.a(tun6-net.o)
 .comment       0x0000000000000029       0x2a build/native/contiki-ng-native.a(rtimer-arch.o)
 .comment       0x0000000000000029       0x2a build/native/contiki-ng-native.a(watchdog.o)
 .comment       0x0000000000000029       0x2a build/native/contiki-ng-native.a(int-master.o)