Archive member included to satisfy reference by file (symbol)

build/native/contiki-ng-native.a(webserver.o)
                              BorderRouter.o (webserver_nogui_process)
build/native/contiki-ng-native.a(contiki-main.o)
                              /usr/lib/gcc/x86_64-linux-gnu/7/../../../x86_64-linux-gnu/Scrt1.o (main)
build/native/contiki-ng-native.a(autostart.o)
                              build/native/contiki-ng-native.a(contiki-main.o) (autostart_start)
build/native/contiki-ng-native.a(ctimer.o)
                              build/native/contiki-ng-native.a(contiki-main.o) (ctimer_init)
build/native/contiki-ng-native.a(log.o)
                              build/native/contiki-ng-native.a(contiki-main.o) (log_6addr)
build/native/contiki-ng-native.a(energest.o)
                              build/native/contiki-ng-native.a(contiki-main.o) (energest_init)
build/native/contiki-ng-native.a(etimer.o)
                              build/native/contiki-ng-native.a(contiki-main.o) (etimer_process)
build/native/contiki-ng-native.a(node-id.o)
                              build/native/contiki-ng-native.a(contiki-main.o) (node_id_init)
build/native/contiki-ng-native.a(rtimer.o)
                              build/native/contiki-ng-native.a(contiki-main.o) (rtimer_init)
build/native/contiki-ng-native.a(process.o)
                              build/native/contiki-ng-native.a(ctimer.o) (process_current)
build/native/contiki-ng-native.a(timer.o)
                              build/native/contiki-ng-native.a(etimer.o) (timer_set)
build/native/contiki-ng-native.a(list.o)
                              build/native/contiki-ng-native.a(ctimer.o) (list_init)
build/native/contiki-ng-native.a(queuebuf.o)
                              build/native/contiki-ng-native.a(contiki-main.o) (queuebuf_init)
build/native/contiki-ng-native.a(packetbuf.o)
                              build/native/contiki-ng-native.a(queuebuf.o) (packetbuf_copyto)
build/native/contiki-ng-native.a(netstack.o)
                              build/native/contiki-ng-native.a(contiki-main.o) (netstack_init)
build/native/contiki-ng-native.a(linkaddr.o)
                              build/native/contiki-ng-native.a(packetbuf.o) (linkaddr_copy)
build/native/contiki-ng-native.a(uip-sr.o)
                              build/native/contiki-ng-native.a(webserver.o) (uip_sr_num_nodes)
build/native/contiki-ng-native.a(uip-ds6.o)
                              build/native/contiki-ng-native.a(contiki-main.o) (uip_ds6_get_link_local)
build/native/contiki-ng-native.a(uip-ds6-route.o)
                              build/native/contiki-ng-native.a(uip-ds6.o) (uip_ds6_route_init)
build/native/contiki-ng-native.a(psock.o)
                              build/native/contiki-ng-native.a(webserver.o) (psock_send)
build/native/contiki-ng-native.a(tcpip.o)
                              build/native/contiki-ng-native.a(contiki-main.o) (tcpip_process)
build/native/contiki-ng-native.a(uip6.o)
                              build/native/contiki-ng-native.a(tcpip.o) (uip_aligned_buf)
build/native/contiki-ng-native.a(uip-ds6-nbr.o)
                              build/native/contiki-ng-native.a(uip-ds6.o) (uip_ds6_neighbors_init)
build/native/contiki-ng-native.a(uip-nd6.o)
                              build/native/contiki-ng-native.a(uip6.o) (uip_nd6_init)
build/native/contiki-ng-native.a(simple-udp.o)
                              BorderRouter.o (simple_udp_register)
build/native/contiki-ng-native.a(sicslowpan.o)
                              build/native/contiki-ng-native.a(contiki-main.o) (sicslowpan_driver)
build/native/contiki-ng-native.a(uiplib.o)
                              build/native/contiki-ng-native.a(log.o) (uiplib_ipaddr_snprint)
build/native/contiki-ng-native.a(rpl.o)
                              BorderRouter.o (rpl_lite_driver)
build/native/contiki-ng-native.a(rpl-icmp6.o)
                              build/native/contiki-ng-native.a(rpl.o) (rpl_icmp6_init)
build/native/contiki-ng-native.a(rpl-dag-root.o)
                              build/native/contiki-ng-native.a(rpl.o) (rpl_dag_root_set_prefix)
build/native/contiki-ng-native.a(tun-bridge.o)
                              build/native/contiki-ng-native.a(tcpip.o) (rpl_interface)
build/native/contiki-ng-native.a(slip-dev.o)
                              build/native/contiki-ng-native.a(tun-bridge.o) (slip_init)
build/native/contiki-ng-native.a(slip-config.o)
                              build/native/contiki-ng-native.a(slip-dev.o) (slip_config_verbose)
build/native/contiki-ng-native.a(border-router-m)
                              build/native/contiki-ng-native.a(contiki-main.o) (border_router_mac_driver)
build/native/contiki-ng-native.a(border-router-c)
                              build/native/contiki-ng-native.a(slip-dev.o) (command_context)
build/native/contiki-ng-native.a(cmd.o)
                              build/native/contiki-ng-native.a(slip-dev.o) (cmd_input)
[...]
Memory Configuration

Name             Origin             Length             Attributes
*default*        0x0000000000000000 0xffffffffffffffff

Linker script and memory map

LOAD /usr/lib/gcc/x86_64-linux-gnu/7/../../../x86_64-linux-gnu/Scrt1.o
LOAD /usr/lib/gcc/x86_64-linux-gnu/7/../../../x86_64-linux-gnu/crti.o
LOAD /usr/lib/gcc/x86_64-linux-gnu/7/crtbeginS.o
LOAD BorderRouter.o
LOAD build/native/contiki-ng-native.a
LOAD /usr/lib/gcc/x86_64-linux-gnu/7/../../../x86_64-linux-gnu/librt.so
LOAD /usr/lib/gcc/x86_64-linux-gnu/7/libgcc.a
LOAD /usr/lib/gcc/x86_64-linux-gnu/7/libgcc_s.so
START GROUP
LOAD /usr/lib/gcc/x86_64-linux-gnu/7/libgcc_s.so.1
LOAD /usr/lib/gcc/x86_64-linux-gnu/7/libgcc.a
END GROUP
LOAD /usr/lib/gcc/x86_64-linux-gnu/7/../../../x86_64-linux-gnu/libc.so
START GROUP
LOAD /lib/x86_64-linux-gnu/libc.so.6
LOAD /usr/lib/x86_64-linux-gnu/libc_nonshared.a
LOAD /lib/x86_64-linux-gnu/ld-linux-x86-64.so.2
END GROUP
LOAD /usr/lib/gcc/x86_64-linux-gnu/7/libgcc.a
LOAD /usr/lib/gcc/x86_64-linux-gnu/7/libgcc_s.so
START GROUP
LOAD /usr/lib/gcc/x86_64-linux-gnu/7/libgcc_s.so.1
LOAD /usr/lib/gcc/x86_64-linux-gnu/7/libgcc.a
END GROUP
LOAD /usr/lib/gcc/x86_64-linux-gnu/7/crtendS.o
LOAD /usr/lib/gcc/x86_64-linux-gnu/7/../../../x86_64-linux-gnu/crtn.o
                [!provide]                        PROVIDE (__executable_start = SEGMENT_START ("text-segment", 0x0))
                0x0000000000000238                . = (SEGMENT_START ("text-segment", 0x0) + SIZEOF_HEADERS)

.interp         0x0000000000000238       0x1c
 *(.interp)
 .interp        0x0000000000000238       0x1c /usr/lib/gcc/x86_64-linux-gnu/7/../../../x86_64-linux-gnu/Scrt1.o

.note.ABI-tag   0x0000000000000254       0x20
 .note.ABI-tag  0x0000000000000254       0x20 /usr/lib/gcc/x86_64-linux-gnu/7/../../../x86_64-linux-gnu/Scrt1.o

.note.gnu.build-id
                0x0000000000000274       0x24
 *(.note.gnu.build-id)
 .note.gnu.build-id
                0x0000000000000274       0x24 /usr/lib/gcc/x86_64-linux-gnu/7/../../../x86_64-linux-gnu/Scrt1.o

.hash
 *(.hash)

.gnu.hash       0x0000000000000298     0x13c0
 *(.gnu.hash)
 .gnu.hash      0x0000000000000298     0x13c0 /usr/lib/gcc/x86_64-linux-gnu/7/../../../x86_64-linux-gnu/Scrt1.o

.dynsym         0x0000000000001658     0x3fd8
 *(.dynsym)
 .dynsym        0x0000000000001658     0x3fd8 /usr/lib/gcc/x86_64-linux-gnu/7/../../../x86_64-linux-gnu/Scrt1.o

.dynstr         0x0000000000005630     0x2e46
 *(.dynstr)
 .dynstr        0x0000000000005630     0x2e46 /usr/lib/gcc/x86_64-linux-gnu/7/../../../x86_64-linux-gnu/Scrt1.o

.gnu.version    0x0000000000008476      0x552
 *(.gnu.version)
 .gnu.version   0x0000000000008476      0x552 /usr/lib/gcc/x86_64-linux-gnu/7/../../../x86_64-linux-gnu/Scrt1.o

.gnu.version_d  0x00000000000089c8        0x0
 *(.gnu.version_d)
 .gnu.version_d
                0x00000000000089c8        0x0 /usr/lib/gcc/x86_64-linux-gnu/7/../../../x86_64-linux-gnu/Scrt1.o

.gnu.version_r  0x00000000000089c8       0x90
 *(.gnu.version_r)
 .gnu.version_r
                0x00000000000089c8       0x90 /usr/lib/gcc/x86_64-linux-gnu/7/../../../x86_64-linux-gnu/Scrt1.o

.rela.dyn       0x0000000000008a58     0x12f0
 *(.rela.init)
 *(.rela.text .rela.text.* .rela.gnu.linkonce.t.*)
 .rela.text     0x0000000000008a58        0x0 /usr/lib/gcc/x86_64-linux-gnu/7/../../../x86_64-linux-gnu/Scrt1.o
 .rela.text.startup
                0x0000000000008a58        0x0 /usr/lib/gcc/x86_64-linux-gnu/7/../../../x86_64-linux-gnu/Scrt1.o
 .rela.text.unlikely
                0x0000000000008a58        0x0 /usr/lib/gcc/x86_64-linux-gnu/7/../../../x86_64-linux-gnu/Scrt1.o
 *(.rela.fini)
 *(.rela.rodata .rela.rodata.* .rela.gnu.linkonce.r.*)
 *(.rela.data .rela.data.* .rela.gnu.linkonce.d.*)
 .rela.data.rel.ro
                0x0000000000008a58      0x210 /usr/lib/gcc/x86_64-linux-gnu/7/../../../x86_64-linux-gnu/Scrt1.o
 .rela.data.rel.local
                0x0000000000008c68      0x828 /usr/lib/gcc/x86_64-linux-gnu/7/../../../x86_64-linux-gnu/Scrt1.o
 .rela.data.rel.ro.local
                0x0000000000009490      0x7b0 /usr/lib/gcc/x86_64-linux-gnu/7/../../../x86_64-linux-gnu/Scrt1.o
 *(.rela.tdata .rela.tdata.* .rela.gnu.linkonce.td.*)
 *(.rela.tbss .rela.tbss.* .rela.gnu.linkonce.tb.*)
 *(.rela.ctors)
 *(.rela.dtors)
 *(.rela.got)
 .rela.got      0x0000000000009c40       0x78 /usr/lib/gcc/x86_64-linux-gnu/7/../../../x86_64-linux-gnu/Scrt1.o
 *(.rela.bss .rela.bss.* .rela.gnu.linkonce.b.*)
 .rela.bss      0x0000000000009cb8       0x60 /usr/lib/gcc/x86_64-linux-gnu/7/../../../x86_64-linux-gnu/Scrt1.o
 *(.rela.ldata .rela.ldata.* .rela.gnu.linkonce.l.*)
 *(.rela.lbss .rela.lbss.* .rela.gnu.linkonce.lb.*)
 *(.rela.lrodata .rela.lrodata.* .rela.gnu.linkonce.lr.*)
 *(.rela.ifunc)
 .rela.ifunc    0x0000000000009d18        0x0 /usr/lib/gcc/x86_64-linux-gnu/7/../../../x86_64-linux-gnu/Scrt1.o
 .rela.fini_array
                0x0000000000009d18       0x18 /usr/lib/gcc/x86_64-linux-gnu/7/../../../x86_64-linux-gnu/Scrt1.o
 .rela.init_array
                0x0000000000009d30       0x18 /usr/lib/gcc/x86_64-linux-gnu/7/../../../x86_64-linux-gnu/Scrt1.o

.rela.plt       0x0000000000009d48      0x600
 *(.rela.plt)
 .rela.plt      0x0000000000009d48      0x600 /usr/lib/gcc/x86_64-linux-gnu/7/../../../x86_64-linux-gnu/Scrt1.o
                [!provide]                        PROVIDE (__rela_iplt_start = .)
 *(.rela.iplt)
                [!provide]                        PROVIDE (__rela_iplt_end = .)

.init           0x000000000000a348       0x17
 *(SORT_NONE(.init))
 .init          0x000000000000a348       0x12 /usr/lib/gcc/x86_64-linux-gnu/7/../../../x86_64-linux-gnu/crti.o
                0x000000000000a348                _init
 .init          0x000000000000a35a        0x5 /usr/lib/gcc/x86_64-linux-gnu/7/../../../x86_64-linux-gnu/crtn.o

.plt            0x000000000000a360      0x410
 *(.plt)
 .plt           0x000000000000a360      0x410 /usr/lib/gcc/x86_64-linux-gnu/7/../../../x86_64-linux-gnu/Scrt1.o
 *(.iplt)

.plt.got        0x000000000000a770        0x8
 *(.plt.got)
 .plt.got       0x000000000000a770        0x8 /usr/lib/gcc/x86_64-linux-gnu/7/../../../x86_64-linux-gnu/Scrt1.o

.plt.sec
 *(.plt.sec)

.text           0x000000000000a780    0x1650e
 *(.text.unlikely .text.*_unlikely .text.unlikely.*)
 .text.unlikely
                0x000000000000a780       0xed build/native/contiki-ng-native.a(uip6.o)
 *(.text.exit .text.exit.*)
 *(.text.startup .text.startup.*)
 *fill*         0x000000000000a86d        0x3 
 .text.startup  0x000000000000a870      0x371 build/native/contiki-ng-native.a(contiki-main.o)
                0x000000000000a870                main
 *(.text.hot .text.hot.*)
 *(.text .stub .text.* .gnu.linkonce.t.*)
 *fill*         0x000000000000abe1        0xf 
 .text          0x000000000000abf0       0x2b /usr/lib/gcc/x86_64-linux-gnu/7/../../../x86_64-linux-gnu/Scrt1.o
                0x000000000000abf0                _start
 .text          0x000000000000ac1b        0x0 /usr/lib/gcc/x86_64-linux-gnu/7/../../../x86_64-linux-gnu/crti.o
 *fill*         0x000000000000ac1b        0x5 
 .text          0x000000000000ac20       0xda /usr/lib/gcc/x86_64-linux-gnu/7/crtbeginS.o
 *fill*         0x000000000000acfa        0x6 
 .text          0x000000000000ad00       0xc2 BorderRouter.o
 *fill*         0x000000000000adc2        0xe 
 .text          0x000000000000add0      0xae8 build/native/contiki-ng-native.a(webserver.o)
                0x000000000000b8b0                httpd_simple_get_script
 .text          0x000000000000b8b8        0x0 build/native/contiki-ng-native.a(contiki-main.o)
 *fill*         0x000000000000b8b8        0x8 
 .text          0x000000000000b8c0       0x54 build/native/contiki-ng-native.a(autostart.o)
                0x000000000000b8c0                autostart_start
                0x000000000000b8f0                autostart_exit
 *fill*         0x000000000000b914        0xc 
 .text          0x000000000000b920      0x364 build/native/contiki-ng-native.a(ctimer.o)
                0x000000000000ba40                ctimer_init
                0x000000000000ba70                ctimer_set_with_process
                0x000000000000bae0                ctimer_set
                0x000000000000baf0                ctimer_reset
                0x000000000000bb60                ctimer_restart
                0x000000000000bbd0                ctimer_stop
                0x000000000000bc30                ctimer_expired
 *fill*         0x000000000000bc84        0xc 
 .text          0x000000000000bc90      0x408 build/native/contiki-ng-native.a(log.o)
                0x000000000000bc90                log_6addr
                0x000000000000bcf0                log_6addr_compact_snprint
                0x000000000000bd70                log_6addr_compact
                0x000000000000bdd0                log_lladdr
                0x000000000000be70                log_lladdr_compact
                0x000000000000bec0                log_bytes
                0x000000000000bf10                log_set_level
                0x000000000000bfa0                log_get_level
                0x000000000000c030                log_level_to_str
 *fill*         0x000000000000c098        0x8 
 .text          0x000000000000c0a0       0x23 build/native/contiki-ng-native.a(energest.o)
                0x000000000000c0a0                energest_init
                0x000000000000c0b0                energest_flush
                0x000000000000c0c0                energest_get_total_time
 *fill*         0x000000000000c0c3        0xd 
 .text          0x000000000000c0d0      0x44d build/native/contiki-ng-native.a(etimer.o)
                0x000000000000c370                etimer_request_poll
                0x000000000000c380                etimer_set
                0x000000000000c3a0                etimer_reset_with_new_interval
                0x000000000000c3d0                etimer_reset
                0x000000000000c3f0                etimer_restart
                0x000000000000c410                etimer_adjust
                0x000000000000c440                etimer_expired
                0x000000000000c450                etimer_expiration_time
                0x000000000000c460                etimer_start_time
                0x000000000000c470                etimer_pending
                0x000000000000c480                etimer_next_expiration_time
                0x000000000000c4a0                etimer_stop
 *fill*         0x000000000000c51d        0x3 
 .text          0x000000000000c520       0x1b build/native/contiki-ng-native.a(node-id.o)
                0x000000000000c520                node_id_init
 *fill*         0x000000000000c53b        0x5 
 .text          0x000000000000c540       0xaa build/native/contiki-ng-native.a(rtimer.o)
                0x000000000000c540                rtimer_init
                0x000000000000c550                rtimer_set
                0x000000000000c5a0                rtimer_run_next
 *fill*         0x000000000000c5ea        0x6 
 .text          0x000000000000c5f0      0x44a build/native/contiki-ng-native.a(process.o)
                0x000000000000c7b0                process_alloc_event
                0x000000000000c7d0                process_start
                0x000000000000c840                process_exit
                0x000000000000c850                process_init
                0x000000000000c880                process_run
                0x000000000000c970                process_nevents
                0x000000000000c990                process_post
                0x000000000000c9e0                process_post_synch
                0x000000000000ca00                process_poll
                0x000000000000ca30                process_is_running
 *fill*         0x000000000000ca3a        0x6 
 .text          0x000000000000ca40       0x95 build/native/contiki-ng-native.a(timer.o)
                0x000000000000ca40                timer_set
                0x000000000000ca60                timer_reset
                0x000000000000ca90                timer_restart
                0x000000000000caa0                timer_expired
                0x000000000000cac0                timer_remaining
 *fill*         0x000000000000cad5        0xb 
 .text          0x000000000000cae0      0x343 build/native/contiki-ng-native.a(list.o)
                0x000000000000cae0                list_init
                0x000000000000caf0                list_head
                0x000000000000cb00                list_copy
                0x000000000000cb10                list_tail
                0x000000000000cb30                list_add
                0x000000000000cbb0                list_push
                0x000000000000cc20                list_chop
                0x000000000000cc60                list_pop
                0x000000000000cc70                list_remove
                0x000000000000cce0                list_length
                0x000000000000cd10                list_insert
                0x000000000000cdd0                list_item_next
                0x000000000000cdf0                list_contains
 *fill*         0x000000000000ce23        0xd 
 .text          0x000000000000ce30      0x202 build/native/contiki-ng-native.a(queuebuf.o)
                0x000000000000ce30                queuebuf_init
                0x000000000000ce50                queuebuf_numfree
                0x000000000000ce60                queuebuf_new_from_packetbuf
                0x000000000000cee0                queuebuf_update_attr_from_packetbuf
                0x000000000000cf00                queuebuf_update_from_packetbuf
                0x000000000000cf30                queuebuf_free
                0x000000000000cf70                queuebuf_to_packetbuf
                0x000000000000cfc0                queuebuf_dataptr
                0x000000000000cff0                queuebuf_datalen
                0x000000000000d000                queuebuf_addr
                0x000000000000d020                queuebuf_attr
                0x000000000000d030                queuebuf_debug_print
 *fill*         0x000000000000d032        0xe 
 .text          0x000000000000d040      0x3e3 build/native/contiki-ng-native.a(packetbuf.o)
                0x000000000000d040                packetbuf_copyto
                0x000000000000d120                packetbuf_hdralloc
                0x000000000000d190                packetbuf_hdrreduce
                0x000000000000d1c0                packetbuf_set_datalen
                0x000000000000d1d0                packetbuf_dataptr
                0x000000000000d1f0                packetbuf_hdrptr
                0x000000000000d200                packetbuf_datalen
                0x000000000000d210                packetbuf_hdrlen
                0x000000000000d220                packetbuf_totlen
                0x000000000000d240                packetbuf_remaininglen
                0x000000000000d260                packetbuf_attr_clear
                0x000000000000d2b0                packetbuf_clear
                0x000000000000d2d0                packetbuf_copyfrom
                0x000000000000d330                packetbuf_attr_copyto
                0x000000000000d360                packetbuf_attr_copyfrom
                0x000000000000d390                packetbuf_set_attr
                0x000000000000d3b0                packetbuf_attr
                0x000000000000d3c0                packetbuf_set_addr
                0x000000000000d3f0                packetbuf_addr
                0x000000000000d410                packetbuf_holds_broadcast
 *fill*         0x000000000000d423        0xd 
 .text          0x000000000000d430       0xba build/native/contiki-ng-native.a(netstack.o)
                0x000000000000d430                netstack_process_ip_callback
                0x000000000000d4a0                netstack_ip_packet_processor_add
                0x000000000000d4c0                uip_ds6_ip_packet_processor_rm
                0x000000000000d4d0                netstack_init
 *fill*         0x000000000000d4ea        0x6 
 .text          0x000000000000d4f0       0x2b build/native/contiki-ng-native.a(linkaddr.o)
                0x000000000000d4f0                linkaddr_copy
                0x000000000000d500                linkaddr_cmp
                0x000000000000d510                linkaddr_set_node_addr
 *fill*         0x000000000000d51b        0x5 
 .text          0x000000000000d520      0x5ab build/native/contiki-ng-native.a(uip-sr.o)
                0x000000000000d580                uip_sr_num_nodes
                0x000000000000d590                uip_sr_get_node
                0x000000000000d600                uip_sr_is_addr_reachable
                0x000000000000d6b0                uip_sr_expire_parent
                0x000000000000d700                uip_sr_update_node
                0x000000000000d810                uip_sr_init
                0x000000000000d840                uip_sr_node_head
                0x000000000000d850                uip_sr_node_next
                0x000000000000d860                uip_sr_periodic
                0x000000000000d930                uip_sr_free_all
                0x000000000000d990                uip_sr_link_snprint
 *fill*         0x000000000000dacb        0x5 
 .text          0x000000000000dad0      0xb04 build/native/contiki-ng-native.a(uip-ds6.o)
                0x000000000000db90                uip_ds6_default_prefix
                0x000000000000dba0                uip_ds6_set_default_prefix
                0x000000000000dbb0                uip_ds6_list_loop
                0x000000000000dbf0                uip_ds6_prefix_add
                0x000000000000dca0                uip_ds6_prefix_rm
                0x000000000000dcb0                uip_ds6_prefix_lookup
                0x000000000000dd10                uip_ds6_is_addr_onlink
                0x000000000000dd80                uip_ds6_addr_lookup
                0x000000000000dde0                uip_ds6_get_link_local
                0x000000000000de50                uip_ds6_get_global
                0x000000000000dec0                uip_ds6_maddr_add
                0x000000000000df20                uip_ds6_addr_add
                0x000000000000e010                uip_ds6_maddr_rm
                0x000000000000e020                uip_ds6_maddr_lookup
                0x000000000000e0e0                uip_ds6_addr_rm
                0x000000000000e100                uip_ds6_periodic
                0x000000000000e180                uip_ds6_aaddr_add
                0x000000000000e1e0                uip_ds6_aaddr_rm
                0x000000000000e1f0                uip_ds6_aaddr_lookup
                0x000000000000e250                uip_ds6_select_src
                0x000000000000e390                uip_ds6_set_addr_iid
                0x000000000000e3a0                uip_ds6_set_lladdr_from_iid
                0x000000000000e3b0                get_match_length
                0x000000000000e400                uip_ds6_compute_reachable_time
                0x000000000000e440                uip_ds6_init
 *fill*         0x000000000000e5d4        0xc 
 .text          0x000000000000e5e0      0x83a build/native/contiki-ng-native.a(uip-ds6-route.o)
                0x000000000000e660                uip_ds6_notification_add
                0x000000000000e690                uip_ds6_notification_rm
                0x000000000000e6a0                uip_ds6_route_init
                0x000000000000e700                uip_ds6_route_count_nexthop_neighbors
                0x000000000000e740                uip_ds6_route_nexthop
                0x000000000000e8c0                uip_ds6_route_head
                0x000000000000e8d0                uip_ds6_route_next
                0x000000000000e8f0                uip_ds6_route_is_nexthop
                0x000000000000e920                uip_ds6_route_num_routes
                0x000000000000e930                uip_ds6_route_lookup
                0x000000000000ea00                uip_ds6_route_add
                0x000000000000eba0                uip_ds6_route_rm
                0x000000000000ebc0                uip_ds6_route_rm_by_nexthop
                0x000000000000ebf0                uip_ds6_defrt_head
                0x000000000000ec00                uip_ds6_defrt_rm
                0x000000000000ec70                uip_ds6_defrt_lookup
                0x000000000000ecc0                uip_ds6_defrt_add
                0x000000000000ed50                uip_ds6_defrt_choose
                0x000000000000edb0                uip_ds6_defrt_periodic
 *fill*         0x000000000000ee1a        0x6 
 .text          0x000000000000ee20      0x470 build/native/contiki-ng-native.a(psock.o)
                0x000000000000ee20                psock_send
                0x000000000000ef10                psock_generator_send
                0x000000000000efb0                psock_datalen
                0x000000000000efc0                psock_newdata
                0x000000000000eff0                psock_readto
                0x000000000000f0f0                psock_readbuf_len
                0x000000000000f270                psock_init
 .text          0x000000000000f290      0x885 build/native/contiki-ng-native.a(tcpip.o)
                0x000000000000f2c0                tcpip_output
                0x000000000000f2f0                tcp_connect
                0x000000000000f340                tcp_unlisten
                0x000000000000f390                tcp_listen
                0x000000000000f3d0                tcp_attach
                0x000000000000f3e0                udp_attach
                0x000000000000f3f0                udp_new
                0x000000000000f420                udp_broadcast_new
                0x000000000000f4a0                tcpip_input
                0x000000000000f4d0                tcpip_ipv6_output
                0x000000000000fa50                tcpip_poll_udp
                0x000000000000fa70                tcpip_poll_tcp
                0x000000000000fa90                tcpip_uipcall
 *fill*         0x000000000000fb15        0xb 
 .text          0x000000000000fb20     0x1b7e build/native/contiki-ng-native.a(uip6.o)
                0x000000000000fc20                uip_add32
                0x000000000000fca0                uip_chksum
                0x000000000000fcc0                uip_icmp6chksum
                0x000000000000fcd0                uip_tcpchksum
                0x000000000000fce0                uip_udpchksum
                0x000000000000fcf0                uip_init
                0x000000000000fdc0                uip_connect
                0x000000000000fef0                uip_remove_ext_hdr
                0x000000000000ffa0                uip_udp_new
                0x0000000000010060                uip_unlisten
                0x00000000000100a0                uip_listen
                0x00000000000100e0                uip_process
                0x00000000000115e0                uip_htons
                0x00000000000115f0                uip_htonl
                0x0000000000011610                uip_send
 *fill*         0x000000000001169e        0x2 
 .text          0x00000000000116a0      0x2e2 build/native/contiki-ng-native.a(uip-ds6-nbr.o)
                0x00000000000116d0                uip_ds6_nbr_rm
                0x00000000000116f0                uip_ds6_neighbors_init
                0x0000000000011710                uip_ds6_nbr_add
                0x0000000000011760                uip_ds6_nbr_update_ll
                0x0000000000011830                uip_ds6_nbr_get_ipaddr
                0x0000000000011840                uip_ds6_nbr_get_ll
                0x0000000000011850                uip_ds6_nbr_num
                0x0000000000011890                uip_ds6_nbr_head
                0x00000000000118a0                uip_ds6_nbr_next
                0x00000000000118b0                uip_ds6_nbr_lookup
                0x0000000000011930                uip_ds6_nbr_ll_lookup
                0x0000000000011940                uip_ds6_nbr_ipaddr_from_lladdr
                0x0000000000011950                uip_ds6_nbr_lladdr_from_ipaddr
                0x0000000000011980                uip_ds6_link_callback
 *fill*         0x0000000000011982        0xe 
 .text          0x0000000000011990      0x46c build/native/contiki-ng-native.a(uip-nd6.o)
                0x0000000000011df0                uip_nd6_init
 *fill*         0x0000000000011dfc        0x4 
 .text          0x0000000000011e00      0x28c build/native/contiki-ng-native.a(simple-udp.o)
                0x0000000000011f00                simple_udp_send
                0x0000000000011f40                simple_udp_sendto
                0x0000000000011f80                simple_udp_sendto_port
                0x0000000000011fb0                simple_udp_register
 *fill*         0x000000000001208c        0x4 
 .text          0x0000000000012090     0x24b7 build/native/contiki-ng-native.a(sicslowpan.o)
                0x0000000000012090                sicslowpan_init
                0x0000000000014520                netstack_sniffer_add
                0x0000000000014530                netstack_sniffer_remove
                0x0000000000014540                sicslowpan_get_last_rssi
 *fill*         0x0000000000014547        0x9 
 .text          0x0000000000014550      0x4a9 build/native/contiki-ng-native.a(uiplib.o)
                0x0000000000014550                uiplib_ip6addrconv
                0x0000000000014750                uiplib_ip4addrconv
                0x00000000000147d0                uiplib_ipaddr_snprint
                0x00000000000149a0                uiplib_ipaddr_print
 *fill*         0x00000000000149f9        0x7 
 .text          0x0000000000014a00      0x488 build/native/contiki-ng-native.a(rpl.o)
                0x0000000000014a00                rpl_has_joined
                0x0000000000014a20                rpl_is_reachable
                0x0000000000014a50                rpl_get_leaf_only
                0x0000000000014b90                rpl_link_callback
                0x0000000000014bf0                rpl_lollipop_greater_than
                0x0000000000014c40                rpl_get_global_address
                0x0000000000014d10                rpl_reset_prefix
                0x0000000000014d70                rpl_set_prefix_from_addr
                0x0000000000014e40                rpl_set_prefix
                0x0000000000014e80                rpl_set_leaf_only
 *fill*         0x0000000000014e88        0x8 
 .text          0x0000000000014e90      0xc18 build/native/contiki-ng-native.a(rpl-icmp6.o)
                0x0000000000015470                rpl_icmp6_update_nbr_table
                0x00000000000154c0                rpl_icmp6_dis_output
                0x0000000000015500                rpl_icmp6_dio_output
                0x0000000000015920                rpl_icmp6_dao_output
                0x0000000000015a10                rpl_icmp6_dao_ack_output
                0x0000000000015a70                rpl_icmp6_init
 *fill*         0x0000000000015aa8        0x8 
 .text          0x0000000000015ab0      0x221 build/native/contiki-ng-native.a(rpl-dag-root.o)
                0x0000000000015b30                rpl_dag_root_print_links
                0x0000000000015bd0                rpl_dag_root_set_prefix
                0x0000000000015c00                rpl_dag_root_start
                0x0000000000015cb0                rpl_dag_root_is_root
 *fill*         0x0000000000015cd1        0xf 
 .text          0x0000000000015ce0      0x63d build/native/contiki-ng-native.a(tun-bridge.o)
                0x0000000000015cf0                sigcleanup
                0x0000000000015db0                ssystem
                0x0000000000015ed0                cleanup
                0x0000000000015f10                ifconf
                0x0000000000015f60                devopen
                0x0000000000015fd0                tun_alloc
                0x00000000000160b0                tun_init
                0x0000000000016190                tun_input
 *fill*         0x000000000001631d        0x3 
 .text          0x0000000000016320      0xe57 build/native/contiki-ng-native.a(slip-dev.o)
                0x0000000000016430                is_sensible_string
                0x0000000000016490                slip_packet_input
                0x00000000000164d0                serial_input
                0x00000000000169a0                slip_empty
                0x00000000000169b0                slip_flushbuf
                0x0000000000016ba0                write_to_slip
                0x0000000000016ce0                slip_init
 *fill*         0x0000000000017177        0x9 
 .text          0x0000000000017180      0x594 build/native/contiki-ng-native.a(slip-config.o)
                0x0000000000017180                slip_config_handle_arguments
 *fill*         0x0000000000017714        0xc 
 .text          0x0000000000017720      0x268 build/native/contiki-ng-native.a(border-router-m)
                0x0000000000017910                init_sec
                0x0000000000017920                packet_sent
 *fill*         0x0000000000017988        0x8 
 .text          0x0000000000017990      0x5b1 build/native/contiki-ng-native.a(border-router-c)
                0x0000000000017bd0                border_router_cmd_handler
                0x0000000000017ef0                border_router_cmd_output
 *fill*         0x0000000000017f41        0xf 
 .text          0x0000000000017f50       0x65 build/native/contiki-ng-native.a(cmd.o)
                0x0000000000017f50                cmd_input
                0x0000000000017fb0                cmd_send
 *fill*         0x0000000000017fb5        0xb 
 .text          0x0000000000017fc0      0x116 build/native/contiki-ng-native.a(packetutils.o)
                0x0000000000017fc0                packetutils_serialize_atts
                0x0000000000018040                packetutils_deserialize_atts
 *fill*         0x00000000000180d6        0xa 
 .text          0x00000000000180e0      0x325 build/native/contiki-ng-native.a(shell.o)
                0x00000000000180e0                shell_output_6addr
                0x0000000000018160                shell_output_lladdr
                0x0000000000018280                shell_input
                0x0000000000018400                shell_init
 *fill*         0x0000000000018405        0xb 
 .text          0x0000000000018410     0x1a8a build/native/contiki-ng-native.a(shell-commands.)
                0x0000000000019da0                shell_commands_init
                0x0000000000019de0                shell_command_set_register
                0x0000000000019df0                shell_command_set_deregister
                0x0000000000019e30                shell_command_lookup
 *fill*         0x0000000000019e9a        0x6 
 .text          0x0000000000019ea0       0xbe build/native/contiki-ng-native.a(serial-shell.o)
                0x0000000000019f50                serial_shell_init
 *fill*         0x0000000000019f5e        0x2 
 .text          0x0000000000019f60      0x44d build/native/contiki-ng-native.a(platform.o)
                0x0000000000019fd0                select_set_callback
                0x000000000001a060                native_uart_set_input
                0x000000000001a070                platform_process_args
                0x000000000001a080                platform_init_stage_one
                0x000000000001a0a0                platform_init_stage_two
                0x000000000001a100                platform_init_stage_three
                0x000000000001a210                platform_main_loop
                0x000000000001a370                log_message
                0x000000000001a390                uip_log
 *fill*         0x000000000001a3ad        0x3 
 .text          0x000000000001a3b0       0xc2 build/native/contiki-ng-native.a(clock.o)
                0x000000000001a3b0                clock_time
                0x000000000001a420                clock_seconds
                0x000000000001a460                clock_delay
                0x000000000001a470                clock_init
 *fill*         0x000000000001a472        0xe 
 .text          0x000000000001a480       0xbe build/native/contiki-ng-native.a(rtimer-arch.o)
                0x000000000001a4a0                rtimer_arch_init
                0x000000000001a4c0                rtimer_arch_schedule
 *fill*         0x000000000001a53e        0x2 
 .text          0x000000000001a540       0x4e build/native/contiki-ng-native.a(watchdog.o)
                0x000000000001a540                watchdog_init
                0x000000000001a550                watchdog_start
                0x000000000001a560                watchdog_periodic
                0x000000000001a570                watchdog_stop
                0x000000000001a580                watchdog_reboot
 *fill*         0x000000000001a58e        0x2 
 .text          0x000000000001a590      0x52e build/native/contiki-ng-native.a(httpd-simple.o)
                0x000000000001a930                httpd_appcall
                0x000000000001aaa0                httpd_init
 *fill*         0x000000000001aabe        0x2 
 .text          0x000000000001aac0       0xde build/native/contiki-ng-native.a(rpl-border-rout)
                0x000000000001aac0                print_local_addresses
                0x000000000001ab70                set_prefix_64
                0x000000000001ab90                rpl_border_router_init
 *fill*         0x000000000001ab9e        0x2 
 .text          0x000000000001aba0       0xbe build/native/contiki-ng-native.a(stimer.o)
                0x000000000001aba0                stimer_set
                0x000000000001abc0                stimer_reset
                0x000000000001abf0                stimer_restart
                0x000000000001ac00                stimer_expired
                0x000000000001ac30                stimer_remaining
                0x000000000001ac50                stimer_elapsed
 *fill*         0x000000000001ac5e        0x2 
 .text          0x000000000001ac60      0x15b build/native/contiki-ng-native.a(memb.o)
                0x000000000001ac60                memb_init
                0x000000000001ac90                memb_alloc
                0x000000000001acf0                memb_free
                0x000000000001ad50                memb_inmemb
                0x000000000001ad80                memb_numfree
 *fill*         0x000000000001adbb        0x5 
 .text          0x000000000001adc0       0x1e build/native/contiki-ng-native.a(random.o)
                0x000000000001adc0                random_init
                0x000000000001add0                random_rand
 *fill*         0x000000000001adde        0x2 
 .text          0x000000000001ade0      0x378 build/native/contiki-ng-native.a(button-hal.o)
                0x000000000001af30                button_hal_get_by_id
                0x000000000001af70                button_hal_get_by_index
                0x000000000001afa0                button_hal_get_state
                0x000000000001b080                button_hal_init
 *fill*         0x000000000001b158        0x8 
 .text          0x000000000001b160      0x1be build/native/contiki-ng-native.a(serial-line.o)
                0x000000000001b280                serial_line_input_byte
                0x000000000001b2f0                serial_line_init
 *fill*         0x000000000001b31e        0x2 
 .text          0x000000000001b320       0x83 build/native/contiki-ng-native.a(leds.o)
                0x000000000001b320                leds_init
                0x000000000001b330                leds_single_on
                0x000000000001b340                leds_single_off
                0x000000000001b350                leds_single_toggle
                0x000000000001b360                leds_on
                0x000000000001b370                leds_off
                0x000000000001b380                leds_toggle
                0x000000000001b390                leds_set
                0x000000000001b3a0                leds_get
 *fill*         0x000000000001b3a3        0xd 
 .text          0x000000000001b3b0       0xf3 build/native/contiki-ng-native.a(nullradio.o)
 *fill*         0x000000000001b4a3        0xd 
 .text          0x000000000001b4b0      0x104 build/native/contiki-ng-native.a(gpio-hal.o)
                0x000000000001b4b0                gpio_hal_register_handler
                0x000000000001b4c0                gpio_hal_event_handler
                0x000000000001b510                gpio_hal_init
                0x000000000001b530                gpio_hal_arch_port_toggle_pin
                0x000000000001b550                gpio_hal_arch_port_toggle_pins
                0x000000000001b570                gpio_hal_arch_no_port_toggle_pin
                0x000000000001b5a0                gpio_hal_arch_no_port_toggle_pins
 *fill*         0x000000000001b5b4        0xc 
 .text          0x000000000001b5c0      0x835 build/native/contiki-ng-native.a(nbr-table.o)
                0x000000000001b760                nbr_table_count_entries
                0x000000000001b790                nbr_table_gc_get_worst
                0x000000000001b7c0                nbr_table_can_accept_new
                0x000000000001b7d0                nbr_table_register
                0x000000000001b830                nbr_table_is_registered
                0x000000000001b860                nbr_table_next
                0x000000000001b900                nbr_table_head
                0x000000000001b980                nbr_table_get_from_lladdr
                0x000000000001bab0                nbr_table_entry_is_allowed
                0x000000000001bac0                nbr_table_add_lladdr
                0x000000000001bc60                nbr_table_remove
                0x000000000001bce0                nbr_table_lock
                0x000000000001bd20                nbr_table_unlock
                0x000000000001bd60                nbr_table_get_lladdr
                0x000000000001bdb0                nbr_table_clear
                0x000000000001bde0                nbr_table_key_head
                0x000000000001bdf0                nbr_table_key_next
 *fill*         0x000000000001bdf5        0xb 
 .text          0x000000000001be00      0x3d0 build/native/contiki-ng-native.a(link-stats.o)
                0x000000000001be40                link_stats_from_lladdr
                0x000000000001be50                link_stats_get_lladdr
                0x000000000001be60                link_stats_is_fresh
                0x000000000001bea0                guess_etx_from_rssi
                0x000000000001bef0                link_stats_packet_sent
                0x000000000001c080                link_stats_input_callback
                0x000000000001c150                link_stats_reset
                0x000000000001c1a0                link_stats_init
 .text          0x000000000001c1d0       0x1a build/native/contiki-ng-native.a(mac.o)
                0x000000000001c1d0                mac_call_sent_callback
 *fill*         0x000000000001c1ea        0x6 
 .text          0x000000000001c1f0      0x3d7 build/native/contiki-ng-native.a(framer-802154.o)
                0x000000000001c310                framer_802154_setup_params
 *fill*         0x000000000001c5c7        0x9 
 .text          0x000000000001c5d0      0x96a build/native/contiki-ng-native.a(frame802154.o)
                0x000000000001c5d0                frame802154_get_pan_id
                0x000000000001c5e0                frame802154_set_pan_id
                0x000000000001c5f0                frame802154_has_panid
                0x000000000001c860                frame802154_check_dest_panid
                0x000000000001c8e0                frame802154_is_broadcast_addr
                0x000000000001c920                frame802154_extract_linkaddr
                0x000000000001ca50                frame802154_hdrlen
                0x000000000001cac0                frame802154_create_fcf
                0x000000000001cb30                frame802154_create
                0x000000000001cc60                frame802154_parse_fcf
                0x000000000001ccd0                frame802154_parse
 *fill*         0x000000000001cf3a        0x6 
 .text          0x000000000001cf40      0x39b build/native/contiki-ng-native.a(uipbuf.o)
                0x000000000001cf40                uipbuf_clear
                0x000000000001cf70                uipbuf_add_ext_hdr
                0x000000000001cfc0                uipbuf_set_len
                0x000000000001cfe0                uipbuf_set_len_field
                0x000000000001cff0                uipbuf_get_len_field
                0x000000000001d000                uipbuf_get_next_header
                0x000000000001d0c0                uipbuf_get_last_header
                0x000000000001d140                uipbuf_search_header
                0x000000000001d200                uipbuf_get_attr
                0x000000000001d220                uipbuf_set_attr
                0x000000000001d240                uipbuf_set_default_attr
                0x000000000001d260                uipbuf_clear_attr
                0x000000000001d270                uipbuf_set_attr_flag
                0x000000000001d280                uipbuf_clr_attr_flag
                0x000000000001d290                uipbuf_is_attr_flag
                0x000000000001d2b0                uipbuf_init
 *fill*         0x000000000001d2db        0x5 
 .text          0x000000000001d2e0      0x4ce build/native/contiki-ng-native.a(uip-icmp6.o)
                0x000000000001d420                uip_icmp6_input
                0x000000000001d490                uip_icmp6_register_input_handler
                0x000000000001d4a0                uip_icmp6_error_output
                0x000000000001d680                uip_icmp6_send
                0x000000000001d740                uip_icmp6_echo_reply_callback_add
                0x000000000001d770                uip_icmp6_echo_reply_callback_rm
                0x000000000001d780                uip_icmp6_init
 *fill*         0x000000000001d7ae        0x2 
 .text          0x000000000001d7b0      0x121 build/native/contiki-ng-native.a(uip-packetqueue)
                0x000000000001d7d0                uip_packetqueue_new
                0x000000000001d7e0                uip_packetqueue_alloc
                0x000000000001d840                uip_packetqueue_free
                0x000000000001d880                uip_packetqueue_buf
                0x000000000001d8a0                uip_packetqueue_buflen
                0x000000000001d8c0                uip_packetqueue_set_buflen
 *fill*         0x000000000001d8d1        0xf 
 .text          0x000000000001d8e0       0xc3 build/native/contiki-ng-native.a(uip-udp-packet.)
                0x000000000001d8e0                uip_udp_packet_send
                0x000000000001d940                uip_udp_packet_sendto
 *fill*         0x000000000001d9a3        0xd 
 .text          0x000000000001d9b0       0x6d build/native/contiki-ng-native.a(rpl-nbr-policy.)
                0x000000000001d9f0                rpl_nbr_gc_get_worst
 *fill*         0x000000000001da1d        0x3 
 .text          0x000000000001da20      0x873 build/native/contiki-ng-native.a(rpl-neighbor.o)
                0x000000000001da70                rpl_neighbor_count
                0x000000000001dab0                rpl_neighbor_get_from_lladdr
                0x000000000001dac0                rpl_neighbor_is_acceptable_parent
                0x000000000001daf0                rpl_neighbor_get_link_metric
                0x000000000001db20                rpl_neighbor_rank_via_nbr
                0x000000000001db50                rpl_neighbor_get_lladdr
                0x000000000001db60                rpl_neighbor_get_ipaddr
                0x000000000001db80                rpl_neighbor_get_link_stats
                0x000000000001dca0                rpl_neighbor_snprint
                0x000000000001e010                rpl_neighbor_print_list
                0x000000000001e0a0                rpl_neighbor_is_fresh
                0x000000000001e0c0                rpl_neighbor_is_parent
                0x000000000001e0e0                rpl_neighbor_set_preferred_parent
                0x000000000001e160                rpl_neighbor_remove_all
                0x000000000001e1b0                rpl_neighbor_get_from_ipaddr
                0x000000000001e1e0                rpl_neighbor_select_best
                0x000000000001e280                rpl_neighbor_init
 *fill*         0x000000000001e293        0xd 
 .text          0x000000000001e2a0      0xcb5 build/native/contiki-ng-native.a(rpl-dag.o)
                0x000000000001e6e0                rpl_dag_state_to_str
                0x000000000001e720                rpl_dag_get_root_ipaddr
                0x000000000001e750                rpl_dag_leave
                0x000000000001e7c0                rpl_dag_poison_and_leave
                0x000000000001e7d0                rpl_dag_periodic
                0x000000000001e850                rpl_is_addr_in_our_dag
                0x000000000001e8a0                rpl_get_default_instance
                0x000000000001e8c0                rpl_get_any_dag
                0x000000000001e8e0                rpl_refresh_routes
                0x000000000001e910                rpl_global_repair
                0x000000000001e940                rpl_local_repair
                0x000000000001e960                rpl_dag_ready_to_advertise
                0x000000000001e990                rpl_dag_update_state
                0x000000000001e9b0                rpl_process_dio
                0x000000000001ec70                rpl_process_dis
                0x000000000001ecb0                rpl_process_dao
                0x000000000001ed30                rpl_process_dao_ack
                0x000000000001edd0                rpl_process_hbh
                0x000000000001ee30                rpl_dag_init_root
                0x000000000001ef40                rpl_dag_init
 *fill*         0x000000000001ef55        0xb 
 .text          0x000000000001ef60      0x927 build/native/contiki-ng-native.a(rpl-timers.o)
                0x000000000001f210                rpl_timers_schedule_periodic_dis
                0x000000000001f330                rpl_timers_dio_reset
                0x000000000001f380                rpl_timers_schedule_unicast_dio
                0x000000000001f3b0                rpl_timers_schedule_dao
                0x000000000001f410                rpl_timers_schedule_dao_ack
                0x000000000001f450                rpl_timers_notify_dao_ack
                0x000000000001f4d0                get_probing_delay
                0x000000000001f4f0                get_probing_target
                0x000000000001f6b0                rpl_schedule_probing
                0x000000000001f6d0                rpl_schedule_probing_now
                0x000000000001f720                rpl_timers_unschedule_leaving
                0x000000000001f760                rpl_timers_schedule_leaving
                0x000000000001f7b0                rpl_timers_init
                0x000000000001f7e0                rpl_timers_stop_dag_timers
                0x000000000001f840                rpl_timers_unschedule_state_update
                0x000000000001f860                rpl_timers_schedule_state_update
 *fill*         0x000000000001f887        0x9 
 .text          0x000000000001f890      0xb2e build/native/contiki-ng-native.a(rpl-ext-header.)
                0x000000000001f900                rpl_ext_header_srh_get_next_hop
                0x000000000001f9a0                rpl_ext_header_srh_update
                0x000000000001fc10                rpl_ext_header_hbh_update
                0x000000000001fcd0                rpl_ext_header_remove
                0x000000000001fe40                rpl_ext_header_update
 *fill*         0x00000000000203be        0x2 
 .text          0x00000000000203c0      0x27d build/native/contiki-ng-native.a(rpl-mrhof.o)
 *fill*         0x000000000002063d        0x3 
 .text          0x0000000000020640      0x2dc build/native/contiki-ng-native.a(border-router-n)
                0x0000000000020890                border_router_set_mac
                0x00000000000208e0                border_router_print_stat
 .text          0x000000000002091c        0x0 build/native/contiki-ng-native.a(buttons.o)
 *fill*         0x000000000002091c        0x4 
 .text          0x0000000000020920       0x4c build/native/contiki-ng-native.a(int-master.o)
                0x0000000000020920                int_master_enable
                0x0000000000020930                int_master_read_and_disable
                0x0000000000020950                int_master_status_set
                0x0000000000020960                int_master_is_enabled
 *fill*         0x000000000002096c        0x4 
 .text          0x0000000000020970      0x1cb build/native/contiki-ng-native.a(gpio-hal-arch.o)
                0x0000000000020970                gpio_hal_arch_init
                0x0000000000020980                gpio_hal_arch_no_port_interrupt_enable
                0x0000000000020990                gpio_hal_arch_no_port_interrupt_disable
                0x00000000000209a0                gpio_hal_arch_no_port_pin_cfg_set
                0x00000000000209c0                gpio_hal_arch_no_port_pin_cfg_get
                0x00000000000209e0                gpio_hal_arch_no_port_pin_set_input
                0x00000000000209f0                gpio_hal_arch_no_port_pin_set_output
                0x0000000000020a00                gpio_hal_arch_no_port_set_pin
                0x0000000000020a20                gpio_hal_arch_no_port_clear_pin
                0x0000000000020a40                gpio_hal_arch_no_port_read_pin
                0x0000000000020a60                gpio_hal_arch_no_port_write_pin
                0x0000000000020a80                gpio_hal_arch_no_port_set_pins
                0x0000000000020ab0                gpio_hal_arch_no_port_clear_pins
                0x0000000000020ae0                gpio_hal_arch_no_port_read_pins
                0x0000000000020b10                gpio_hal_arch_no_port_write_pins
 *fill*         0x0000000000020b3b        0x5 
 .text          0x0000000000020b40       0xb1 build/native/contiki-ng-native.a(ringbuf.o)
                0x0000000000020b40                ringbuf_init
                0x0000000000020b50                ringbuf_put
                0x0000000000020b90                ringbuf_get
                0x0000000000020bd0                ringbuf_size
                0x0000000000020be0                ringbuf_elements
 *fill*         0x0000000000020bf1        0xf 
 .text          0x0000000000020c00       0x72 /usr/lib/x86_64-linux-gnu/libc_nonshared.a(elf-init.oS)
                0x0000000000020c00                __libc_csu_init
                0x0000000000020c70                __libc_csu_fini
 *fill*         0x0000000000020c72        0xe 
 .text          0x0000000000020c80        0xe /usr/lib/x86_64-linux-gnu/libc_nonshared.a(atexit.oS)
                0x0000000000020c80                atexit
 .text          0x0000000000020c8e        0x0 /usr/lib/gcc/x86_64-linux-gnu/7/crtendS.o
 .text          0x0000000000020c8e        0x0 /usr/lib/gcc/x86_64-linux-gnu/7/../../../x86_64-linux-gnu/crtn.o
 *(.gnu.warning)

.fini           0x0000000000020c90        0x9
 *(SORT_NONE(.fini))
 .fini          0x0000000000020c90        0x4 /usr/lib/gcc/x86_64-linux-gnu/7/../../../x86_64-linux-gnu/crti.o
                0x0000000000020c90                _fini
 .fini          0x0000000000020c94        0x5 /usr/lib/gcc/x86_64-linux-gnu/7/../../../x86_64-linux-gnu/crtn.o
                [!provide]                        PROVIDE (__etext = .)
                [!provide]                        PROVIDE (_etext = .)
                [!provide]                        PROVIDE (etext = .)

.rodata         0x0000000000020ca0     0x1a41
 *(.rodata .rodata.* .gnu.linkonce.r.*)
 .rodata.cst4   0x0000000000020ca0        0x4 /usr/lib/gcc/x86_64-linux-gnu/7/../../../x86_64-linux-gnu/Scrt1.o
                0x0000000000020ca0                _IO_stdin_used
 *fill*         0x0000000000020ca4        0x4 
 .rodata.str1.8
                0x0000000000020ca8       0x21 BorderRouter.o
 .rodata.str1.1
                0x0000000000020cc9       0x37 BorderRouter.o
 .rodata.str1.1
                0x0000000000020d00       0x92 build/native/contiki-ng-native.a(webserver.o)
                                         0x94 (size before relaxing)
 *fill*         0x0000000000020d92        0x6 
 .rodata.str1.8
                0x0000000000020d98       0x40 build/native/contiki-ng-native.a(webserver.o)
 *fill*         0x0000000000020dd8        0x8 
 .rodata.cst16  0x0000000000020de0       0x10 build/native/contiki-ng-native.a(webserver.o)
 .rodata.str1.1
                0x0000000000020df0       0x7a build/native/contiki-ng-native.a(contiki-main.o)
 *fill*         0x0000000000020e6a        0x6 
 .rodata.str1.8
                0x0000000000020e70       0x7c build/native/contiki-ng-native.a(contiki-main.o)
 .rodata.str1.1
                0x0000000000020eec        0xf build/native/contiki-ng-native.a(ctimer.o)
 .rodata.str1.1
                0x0000000000020efb       0xa0 build/native/contiki-ng-native.a(log.o)
                                         0xac (size before relaxing)
 *fill*         0x0000000000020f9b        0x1 
 .rodata        0x0000000000020f9c       0x14 build/native/contiki-ng-native.a(log.o)
 .rodata.str1.1
                0x0000000000020fb0        0xc build/native/contiki-ng-native.a(etimer.o)
 *fill*         0x0000000000020fbc        0x4 
 .rodata        0x0000000000020fc0        0x8 build/native/contiki-ng-native.a(linkaddr.o)
                0x0000000000020fc0                linkaddr_null
 .rodata.str1.1
                0x0000000000020fc8       0x44 build/native/contiki-ng-native.a(uip-sr.o)
 .rodata.str1.1
                0x000000000002100c        0xd build/native/contiki-ng-native.a(tcpip.o)
 *fill*         0x0000000000021019        0x3 
 .rodata        0x000000000002101c       0x84 build/native/contiki-ng-native.a(uip6.o)
 .rodata.str1.1
                0x00000000000210a0       0x13 build/native/contiki-ng-native.a(simple-udp.o)
 .rodata.str1.1
                0x00000000000210b3        0xb build/native/contiki-ng-native.a(sicslowpan.o)
 .rodata        0x00000000000210be       0x12 build/native/contiki-ng-native.a(sicslowpan.o)
                0x00000000000210c2                llprefix
                0x00000000000210c4                unc_mxconf
                0x00000000000210c8                unc_ctxconf
                0x00000000000210cc                unc_llconf
 .rodata.str1.1
                0x00000000000210d0       0x22 build/native/contiki-ng-native.a(uiplib.o)
                                         0x2d (size before relaxing)
 .rodata.str1.1
                0x00000000000210f2        0x9 build/native/contiki-ng-native.a(rpl.o)
 .rodata.str1.1
                0x00000000000210fb       0x9b build/native/contiki-ng-native.a(tun-bridge.o)
                                         0x9f (size before relaxing)
 *fill*         0x0000000000021196        0x2 
 .rodata.str1.8
                0x0000000000021198       0x6f build/native/contiki-ng-native.a(tun-bridge.o)
 .rodata.str1.1
                0x0000000000021207      0x135 build/native/contiki-ng-native.a(slip-dev.o)
                                        0x137 (size before relaxing)
 *fill*         0x000000000002133c        0x4 
 .rodata.str1.8
                0x0000000000021340       0xd5 build/native/contiki-ng-native.a(slip-dev.o)
 .rodata.str1.1
                0x0000000000021415       0x5d build/native/contiki-ng-native.a(slip-config.o)
 *fill*         0x0000000000021472        0x6 
 .rodata.str1.8
                0x0000000000021478      0x4de build/native/contiki-ng-native.a(slip-config.o)
 *fill*         0x0000000000021956        0x2 
 .rodata        0x0000000000021958       0xd4 build/native/contiki-ng-native.a(slip-config.o)
 .rodata.str1.1
                0x0000000000021a2c        0x7 build/native/contiki-ng-native.a(border-router-m)
 .rodata.str1.1
                0x0000000000021a33       0x7d build/native/contiki-ng-native.a(border-router-c)
                                         0x80 (size before relaxing)
 .rodata.str1.1
                0x0000000000021ab0        0x8 build/native/contiki-ng-native.a(shell.o)
 .rodata.cst16  0x0000000000021ab0       0x30 build/native/contiki-ng-native.a(shell.o)
 .rodata.str1.1
                0x0000000000021ae0      0x2c0 build/native/contiki-ng-native.a(shell-commands.)
                                        0x2d8 (size before relaxing)
 .rodata.str1.8
                0x0000000000021da0      0x404 build/native/contiki-ng-native.a(shell-commands.)
 .rodata        0x00000000000221a4       0x14 build/native/contiki-ng-native.a(shell-commands.)
 *fill*         0x00000000000221b8        0x8 
 .rodata.cst16  0x00000000000221c0      0x190 build/native/contiki-ng-native.a(shell-commands.)
 .rodata.str1.1
                0x0000000000022350       0x15 build/native/contiki-ng-native.a(serial-shell.o)
                                         0x18 (size before relaxing)
 .rodata.str1.1
                0x0000000000022365       0x2f build/native/contiki-ng-native.a(platform.o)
                                         0x47 (size before relaxing)
 *fill*         0x0000000000022394        0x4 
 .rodata        0x0000000000022398        0x8 build/native/contiki-ng-native.a(platform.o)
 .rodata.str1.8
                0x00000000000223a0       0x59 build/native/contiki-ng-native.a(httpd-simple.o)
 *fill*         0x00000000000223f9        0x7 
 .rodata        0x0000000000022400       0xfc build/native/contiki-ng-native.a(httpd-simple.o)
                0x0000000000022400                http_index_html
                0x000000000002240c                http_get
                0x0000000000022420                http_header_404
                0x0000000000022480                http_header_200
                0x00000000000224e0                http_content_type_html
 .rodata.str1.1
                0x00000000000224fc       0x1d build/native/contiki-ng-native.a(rpl-border-rout)
                                         0x31 (size before relaxing)
 .rodata.str1.1
                0x0000000000022519       0x13 build/native/contiki-ng-native.a(button-hal.o)
 .rodata.str1.1
                0x000000000002252c        0xe build/native/contiki-ng-native.a(serial-line.o)
 *fill*         0x000000000002253a        0x6 
 .rodata.str1.8
                0x0000000000022540       0x22 build/native/contiki-ng-native.a(rpl-neighbor.o)
 .rodata.str1.1
                0x0000000000022562       0x34 build/native/contiki-ng-native.a(rpl-neighbor.o)
                                         0x36 (size before relaxing)
 .rodata.str1.1
                0x0000000000022596       0xa6 build/native/contiki-ng-native.a(rpl-dag.o)
                                         0xb0 (size before relaxing)
 .rodata.str1.1
                0x000000000002263c        0xc build/native/contiki-ng-native.a(rpl-timers.o)
 .rodata.str1.1
                0x0000000000022648       0x73 build/native/contiki-ng-native.a(border-router-n)
                                         0x8a (size before relaxing)
 *fill*         0x00000000000226bb        0x5 
 .rodata.str1.8
                0x00000000000226c0       0x20 build/native/contiki-ng-native.a(border-router-n)
                                         0x1f (size before relaxing)
 .rodata        0x00000000000226e0        0x1 build/native/contiki-ng-native.a(buttons.o)
                0x00000000000226e0                button_hal_button_count

.rodata1
 *(.rodata1)

.eh_frame_hdr   0x00000000000226e4     0x1464
 *(.eh_frame_hdr)
 .eh_frame_hdr  0x00000000000226e4     0x1464 /usr/lib/gcc/x86_64-linux-gnu/7/../../../x86_64-linux-gnu/Scrt1.o
                0x00000000000226e4                __GNU_EH_FRAME_HDR
 *(.eh_frame_entry .eh_frame_entry.*)

.eh_frame       0x0000000000023b48     0x5430
 *(.eh_frame)
 .eh_frame      0x0000000000023b48       0x30 /usr/lib/gcc/x86_64-linux-gnu/7/../../../x86_64-linux-gnu/Scrt1.o
                                         0x2c (size before relaxing)
 *fill*         0x0000000000023b78        0x0 
 .eh_frame      0x0000000000023b78       0x40 /usr/lib/gcc/x86_64-linux-gnu/7/../../../x86_64-linux-gnu/Scrt1.o
 .eh_frame      0x0000000000023bb8       0x18 /usr/lib/gcc/x86_64-linux-gnu/7/../../../x86_64-linux-gnu/Scrt1.o
                                         0x30 (size before relaxing)
 .eh_frame      0x0000000000023bd0       0x40 BorderRouter.o
                                         0x58 (size before relaxing)
 .eh_frame      0x0000000000023c10       0xd8 build/native/contiki-ng-native.a(webserver.o)
                                         0xf0 (size before relaxing)
 .eh_frame      0x0000000000023ce8       0x20 build/native/contiki-ng-native.a(contiki-main.o)
                                         0x38 (size before relaxing)
 .eh_frame      0x0000000000023d08       0x38 build/native/contiki-ng-native.a(autostart.o)
                                         0x50 (size before relaxing)
 .eh_frame      0x0000000000023d40      0x118 build/native/contiki-ng-native.a(ctimer.o)
                                        0x130 (size before relaxing)
 .eh_frame      0x0000000000023e58      0x1a0 build/native/contiki-ng-native.a(log.o)
                                        0x1b8 (size before relaxing)
 .eh_frame      0x0000000000023ff8       0x40 build/native/contiki-ng-native.a(energest.o)
                                         0x58 (size before relaxing)
 .eh_frame      0x0000000000024038      0x1b0 build/native/contiki-ng-native.a(etimer.o)
                                        0x1c8 (size before relaxing)
 .eh_frame      0x00000000000241e8       0x18 build/native/contiki-ng-native.a(node-id.o)
                                         0x30 (size before relaxing)
 .eh_frame      0x0000000000024200       0x50 build/native/contiki-ng-native.a(rtimer.o)
                                         0x68 (size before relaxing)
 .eh_frame      0x0000000000024250      0x188 build/native/contiki-ng-native.a(process.o)
                                        0x1a0 (size before relaxing)
 .eh_frame      0x00000000000243d8       0x90 build/native/contiki-ng-native.a(timer.o)
                                         0xa8 (size before relaxing)
 .eh_frame      0x0000000000024468      0x108 build/native/contiki-ng-native.a(list.o)
                                        0x120 (size before relaxing)
 .eh_frame      0x0000000000024570      0x138 build/native/contiki-ng-native.a(queuebuf.o)
                                        0x150 (size before relaxing)
 .eh_frame      0x00000000000246a8      0x1c0 build/native/contiki-ng-native.a(packetbuf.o)
                                        0x1d8 (size before relaxing)
 .eh_frame      0x0000000000024868       0x78 build/native/contiki-ng-native.a(netstack.o)
                                         0x90 (size before relaxing)
 .eh_frame      0x00000000000248e0       0x40 build/native/contiki-ng-native.a(linkaddr.o)
                                         0x58 (size before relaxing)
 .eh_frame      0x0000000000024920      0x210 build/native/contiki-ng-native.a(uip-sr.o)
                                        0x228 (size before relaxing)
 .eh_frame      0x0000000000024b30      0x3b8 build/native/contiki-ng-native.a(uip-ds6.o)
                                        0x3d0 (size before relaxing)
 .eh_frame      0x0000000000024ee8      0x2f8 build/native/contiki-ng-native.a(uip-ds6-route.o)
                                        0x310 (size before relaxing)
 .eh_frame      0x00000000000251e0       0xe0 build/native/contiki-ng-native.a(psock.o)
                                         0xf8 (size before relaxing)
 .eh_frame      0x00000000000252c0      0x208 build/native/contiki-ng-native.a(tcpip.o)
                                        0x220 (size before relaxing)
 .eh_frame      0x00000000000254c8      0x218 build/native/contiki-ng-native.a(uip6.o)
                                        0x230 (size before relaxing)
 .eh_frame      0x00000000000256e0      0x1b8 build/native/contiki-ng-native.a(uip-ds6-nbr.o)
                                        0x1d0 (size before relaxing)
 .eh_frame      0x0000000000025898       0x60 build/native/contiki-ng-native.a(uip-nd6.o)
                                         0x78 (size before relaxing)
 .eh_frame      0x00000000000258f8       0xf0 build/native/contiki-ng-native.a(simple-udp.o)
                                        0x108 (size before relaxing)
 .eh_frame      0x00000000000259e8      0x270 build/native/contiki-ng-native.a(sicslowpan.o)
                                        0x288 (size before relaxing)
 .eh_frame      0x0000000000025c58       0xc8 build/native/contiki-ng-native.a(uiplib.o)
                                         0xe0 (size before relaxing)
 .eh_frame      0x0000000000025d20      0x1b0 build/native/contiki-ng-native.a(rpl.o)
                                        0x1c8 (size before relaxing)
 .eh_frame      0x0000000000025ed0      0x1f0 build/native/contiki-ng-native.a(rpl-icmp6.o)
                                        0x208 (size before relaxing)
 .eh_frame      0x00000000000260c0       0xa8 build/native/contiki-ng-native.a(rpl-dag-root.o)
                                         0xc0 (size before relaxing)
 .eh_frame      0x0000000000026168      0x190 build/native/contiki-ng-native.a(tun-bridge.o)
                                        0x1a8 (size before relaxing)
 .eh_frame      0x00000000000262f8      0x1e8 build/native/contiki-ng-native.a(slip-dev.o)
                                        0x200 (size before relaxing)
 .eh_frame      0x00000000000264e0       0x50 build/native/contiki-ng-native.a(slip-config.o)
                                         0x68 (size before relaxing)
 .eh_frame      0x0000000000026530      0x110 build/native/contiki-ng-native.a(border-router-m)
                                        0x128 (size before relaxing)
 .eh_frame      0x0000000000026640       0xc8 build/native/contiki-ng-native.a(border-router-c)
                                         0xe0 (size before relaxing)
 .eh_frame      0x0000000000026708       0x50 build/native/contiki-ng-native.a(cmd.o)
                                         0x68 (size before relaxing)
 .eh_frame      0x0000000000026758       0x88 build/native/contiki-ng-native.a(packetutils.o)
                                         0xa0 (size before relaxing)
 .eh_frame      0x00000000000267e0       0xc8 build/native/contiki-ng-native.a(shell.o)
                                         0xe0 (size before relaxing)
 .eh_frame      0x00000000000268a8      0x450 build/native/contiki-ng-native.a(shell-commands.)
                                        0x468 (size before relaxing)
 .eh_frame      0x0000000000026cf8       0x58 build/native/contiki-ng-native.a(serial-shell.o)
                                         0x70 (size before relaxing)
 .eh_frame      0x0000000000026d50      0x128 build/native/contiki-ng-native.a(platform.o)
                                        0x140 (size before relaxing)
 .eh_frame      0x0000000000026e78       0x60 build/native/contiki-ng-native.a(clock.o)
                                         0x78 (size before relaxing)
 .eh_frame      0x0000000000026ed8       0x50 build/native/contiki-ng-native.a(rtimer-arch.o)
                                         0x68 (size before relaxing)
 .eh_frame      0x0000000000026f28       0x68 build/native/contiki-ng-native.a(watchdog.o)
                                         0x80 (size before relaxing)
 .eh_frame      0x0000000000026f90      0x100 build/native/contiki-ng-native.a(httpd-simple.o)
                                        0x118 (size before relaxing)
 .eh_frame      0x0000000000027090       0x60 build/native/contiki-ng-native.a(rpl-border-rout)
                                         0x78 (size before relaxing)
 .eh_frame      0x00000000000270f0       0xa8 build/native/contiki-ng-native.a(stimer.o)
                                         0xc0 (size before relaxing)
 .eh_frame      0x0000000000027198       0x70 build/native/contiki-ng-native.a(memb.o)
                                         0x88 (size before relaxing)
 .eh_frame      0x0000000000027208       0x30 build/native/contiki-ng-native.a(random.o)
                                         0x48 (size before relaxing)
 .eh_frame      0x0000000000027238      0x138 build/native/contiki-ng-native.a(button-hal.o)
                                        0x150 (size before relaxing)
 .eh_frame      0x0000000000027370       0x80 build/native/contiki-ng-native.a(serial-line.o)
                                         0x98 (size before relaxing)
 .eh_frame      0x00000000000273f0       0xb8 build/native/contiki-ng-native.a(leds.o)
                                         0xd0 (size before relaxing)
 .eh_frame      0x00000000000274a8      0x118 build/native/contiki-ng-native.a(nullradio.o)
                                        0x130 (size before relaxing)
 .eh_frame      0x00000000000275c0       0xc8 build/native/contiki-ng-native.a(gpio-hal.o)
                                         0xe0 (size before relaxing)
 .eh_frame      0x0000000000027688      0x2b8 build/native/contiki-ng-native.a(nbr-table.o)
                                        0x2d0 (size before relaxing)
 .eh_frame      0x0000000000027940      0x148 build/native/contiki-ng-native.a(link-stats.o)
                                        0x160 (size before relaxing)
 .eh_frame      0x0000000000027a88       0x18 build/native/contiki-ng-native.a(mac.o)
                                         0x30 (size before relaxing)
 .eh_frame      0x0000000000027aa0       0xd0 build/native/contiki-ng-native.a(framer-802154.o)
                                         0xe8 (size before relaxing)
 .eh_frame      0x0000000000027b70      0x178 build/native/contiki-ng-native.a(frame802154.o)
                                        0x190 (size before relaxing)
 .eh_frame      0x0000000000027ce8      0x178 build/native/contiki-ng-native.a(uipbuf.o)
                                        0x190 (size before relaxing)
 .eh_frame      0x0000000000027e60      0x198 build/native/contiki-ng-native.a(uip-icmp6.o)
                                        0x1b0 (size before relaxing)
 .eh_frame      0x0000000000027ff8       0xb8 build/native/contiki-ng-native.a(uip-packetqueue)
                                         0xd0 (size before relaxing)
 .eh_frame      0x00000000000280b0       0x48 build/native/contiki-ng-native.a(uip-udp-packet.)
                                         0x60 (size before relaxing)
 .eh_frame      0x00000000000280f8       0x50 build/native/contiki-ng-native.a(rpl-nbr-policy.)
                                         0x68 (size before relaxing)
 .eh_frame      0x0000000000028148      0x260 build/native/contiki-ng-native.a(rpl-neighbor.o)
                                        0x278 (size before relaxing)
 .eh_frame      0x00000000000283a8      0x348 build/native/contiki-ng-native.a(rpl-dag.o)
                                        0x360 (size before relaxing)
 .eh_frame      0x00000000000286f0      0x338 build/native/contiki-ng-native.a(rpl-timers.o)
                                        0x350 (size before relaxing)
 .eh_frame      0x0000000000028a28      0x140 build/native/contiki-ng-native.a(rpl-ext-header.)
                                        0x158 (size before relaxing)
 .eh_frame      0x0000000000028b68      0x150 build/native/contiki-ng-native.a(rpl-mrhof.o)
                                        0x168 (size before relaxing)
 .eh_frame      0x0000000000028cb8       0x60 build/native/contiki-ng-native.a(border-router-n)
                                         0x78 (size before relaxing)
 .eh_frame      0x0000000000028d18       0x50 build/native/contiki-ng-native.a(int-master.o)
                                         0x68 (size before relaxing)
 .eh_frame      0x0000000000028d68      0x130 build/native/contiki-ng-native.a(gpio-hal-arch.o)
                                        0x148 (size before relaxing)
 .eh_frame      0x0000000000028e98       0x68 build/native/contiki-ng-native.a(ringbuf.o)
                                         0x80 (size before relaxing)
 .eh_frame      0x0000000000028f00       0x60 /usr/lib/x86_64-linux-gnu/libc_nonshared.a(elf-init.oS)
                                         0x78 (size before relaxing)
 .eh_frame      0x0000000000028f60       0x14 /usr/lib/x86_64-linux-gnu/libc_nonshared.a(atexit.oS)
                                         0x30 (size before relaxing)
 .eh_frame      0x0000000000028f74        0x4 /usr/lib/gcc/x86_64-linux-gnu/7/crtendS.o
 *(.eh_frame.*)

.gcc_except_table
 *(.gcc_except_table .gcc_except_table.*)

.gnu_extab
 *(.gnu_extab*)

.exception_ranges
 *(.exception_ranges .exception_ranges*)
                0x00000000002297f0                . = DATA_SEGMENT_ALIGN (CONSTANT (MAXPAGESIZE), CONSTANT (COMMONPAGESIZE))

.eh_frame
 *(.eh_frame)
 *(.eh_frame.*)

.gnu_extab
 *(.gnu_extab)

.gcc_except_table
 *(.gcc_except_table .gcc_except_table.*)

.exception_ranges
 *(.exception_ranges .exception_ranges*)

.tdata
 *(.tdata .tdata.* .gnu.linkonce.td.*)

.tbss
 *(.tbss .tbss.* .gnu.linkonce.tb.*)
 *(.tcommon)

.preinit_array  0x00000000002297f0        0x0
                [!provide]                        PROVIDE (__preinit_array_start = .)
 *(.preinit_array)
                [!provide]                        PROVIDE (__preinit_array_end = .)

.init_array     0x00000000002297f0        0x8
                0x00000000002297f0                PROVIDE (__init_array_start = .)
 *(SORT_BY_INIT_PRIORITY(.init_array.*) SORT_BY_INIT_PRIORITY(.ctors.*))
 *(.init_array EXCLUDE_FILE(*crtend?.o *crtend.o *crtbegin?.o *crtbegin.o) .ctors)
 .init_array    0x00000000002297f0        0x8 /usr/lib/gcc/x86_64-linux-gnu/7/crtbeginS.o
                0x00000000002297f8                PROVIDE (__init_array_end = .)

.fini_array     0x00000000002297f8        0x8
                [!provide]                        PROVIDE (__fini_array_start = .)
 *(SORT_BY_INIT_PRIORITY(.fini_array.*) SORT_BY_INIT_PRIORITY(.dtors.*))
 *(.fini_array EXCLUDE_FILE(*crtend?.o *crtend.o *crtbegin?.o *crtbegin.o) .dtors)
 .fini_array    0x00000000002297f8        0x8 /usr/lib/gcc/x86_64-linux-gnu/7/crtbeginS.o
                [!provide]                        PROVIDE (__fini_array_end = .)

.ctors
 *crtbegin.o(.ctors)
 *crtbegin?.o(.ctors)
 *(EXCLUDE_FILE(*crtend?.o *crtend.o) .ctors)
 *(SORT_BY_NAME(.ctors.*))
 *(.ctors)

.dtors
 *crtbegin.o(.dtors)
 *crtbegin?.o(.dtors)
 *(EXCLUDE_FILE(*crtend?.o *crtend.o) .dtors)
 *(SORT_BY_NAME(.dtors.*))
 *(.dtors)

.jcr
 *(.jcr)

.data.rel.ro    0x0000000000229800      0x3c0
 *(.data.rel.ro.local* .gnu.linkonce.d.rel.ro.local.*)
 .data.rel.ro.local
                0x0000000000229800       0x10 BorderRouter.o
                0x0000000000229800                autostart_processes
 *fill*         0x0000000000229810       0x10 
 .data.rel.ro.local
                0x0000000000229820       0x20 build/native/contiki-ng-native.a(sicslowpan.o)
                0x0000000000229820                sicslowpan_driver
 .data.rel.ro.local
                0x0000000000229840       0x20 build/native/contiki-ng-native.a(tun-bridge.o)
                0x0000000000229840                rpl_interface
 .data.rel.ro.local
                0x0000000000229860       0x30 build/native/contiki-ng-native.a(slip-dev.o)
 *fill*         0x0000000000229890       0x10 
 .data.rel.ro.local
                0x00000000002298a0       0x38 build/native/contiki-ng-native.a(border-router-m)
                0x00000000002298a0                border_router_mac_driver
 *fill*         0x00000000002298d8        0x8 
 .data.rel.ro.local
                0x00000000002298e0      0x168 build/native/contiki-ng-native.a(shell-commands.)
                0x00000000002298e0                builtin_shell_commands
 *fill*         0x0000000000229a48        0x8 
 .data.rel.ro.local
                0x0000000000229a50       0x10 build/native/contiki-ng-native.a(platform.o)
 .data.rel.ro.local
                0x0000000000229a60       0x70 build/native/contiki-ng-native.a(nullradio.o)
                0x0000000000229a60                nullradio_driver
 .data.rel.ro.local
                0x0000000000229ad0       0x18 build/native/contiki-ng-native.a(framer-802154.o)
                0x0000000000229ad0                framer_802154
 *(.data.rel.ro .data.rel.ro.* .gnu.linkonce.d.rel.ro.*)
 .data.rel.ro   0x0000000000229ae8        0x0 /usr/lib/gcc/x86_64-linux-gnu/7/../../../x86_64-linux-gnu/Scrt1.o
 *fill*         0x0000000000229ae8       0x18 
 .data.rel.ro   0x0000000000229b00       0xa8 build/native/contiki-ng-native.a(rpl.o)
                0x0000000000229b00                rpl_lite_driver
 *fill*         0x0000000000229ba8        0x8 
 .data.rel.ro   0x0000000000229bb0       0x10 build/native/contiki-ng-native.a(border-router-n)
                0x0000000000229bb0                cmd_handlers

.dynamic        0x0000000000229bc0      0x200
 *(.dynamic)
 .dynamic       0x0000000000229bc0      0x200 /usr/lib/gcc/x86_64-linux-gnu/7/../../../x86_64-linux-gnu/Scrt1.o
                0x0000000000229bc0                _DYNAMIC

.got            0x0000000000229dc0      0x240
 *(.got.plt)
 .got.plt       0x0000000000229dc0      0x218 /usr/lib/gcc/x86_64-linux-gnu/7/../../../x86_64-linux-gnu/Scrt1.o
                0x0000000000229dc0                _GLOBAL_OFFSET_TABLE_
 *(.igot.plt)
 *(.got)
 .got           0x0000000000229fd8       0x28 /usr/lib/gcc/x86_64-linux-gnu/7/../../../x86_64-linux-gnu/Scrt1.o
 *(.igot)
                0x000000000022a000                . = DATA_SEGMENT_RELRO_END (., 0x0)

.data           0x000000000022a000      0x600
 *(.data .data.* .gnu.linkonce.d.*)
 .data          0x000000000022a000        0x4 /usr/lib/gcc/x86_64-linux-gnu/7/../../../x86_64-linux-gnu/Scrt1.o
                0x000000000022a000                data_start
                0x000000000022a000                __data_start
 .data          0x000000000022a004        0x0 /usr/lib/gcc/x86_64-linux-gnu/7/../../../x86_64-linux-gnu/crti.o
 .data          0x000000000022a004        0x0 /usr/lib/gcc/x86_64-linux-gnu/7/crtbeginS.o
 *fill*         0x000000000022a004        0x4 
 .data.rel.local
                0x000000000022a008        0x8 /usr/lib/gcc/x86_64-linux-gnu/7/crtbeginS.o
                0x000000000022a008                __dso_handle
 .data          0x000000000022a010        0x0 BorderRouter.o
 *fill*         0x000000000022a010       0x10 
 .data.rel.local
                0x000000000022a020       0x20 BorderRouter.o
                0x000000000022a020                contiki_ng_br
 .data          0x000000000022a040        0x0 build/native/contiki-ng-native.a(webserver.o)
 .data.rel.local
                0x000000000022a040       0x20 build/native/contiki-ng-native.a(webserver.o)
                0x000000000022a040                webserver_nogui_process
 .data          0x000000000022a060        0x0 build/native/contiki-ng-native.a(contiki-main.o)
 .data          0x000000000022a060        0x0 build/native/contiki-ng-native.a(autostart.o)
 .data          0x000000000022a060        0x0 build/native/contiki-ng-native.a(ctimer.o)
 .data.rel.local
                0x000000000022a060       0x20 build/native/contiki-ng-native.a(ctimer.o)
                0x000000000022a060                ctimer_process
 .data          0x000000000022a080        0x4 build/native/contiki-ng-native.a(log.o)
                0x000000000022a080                curr_log_level_main
 *fill*         0x000000000022a084       0x1c 
 .data.rel.local
                0x000000000022a0a0      0x138 build/native/contiki-ng-native.a(log.o)
                0x000000000022a0a0                all_modules
 .data          0x000000000022a1d8        0x0 build/native/contiki-ng-native.a(energest.o)
 .data          0x000000000022a1d8        0x0 build/native/contiki-ng-native.a(etimer.o)
 *fill*         0x000000000022a1d8        0x8 
 .data.rel.local
                0x000000000022a1e0       0x20 build/native/contiki-ng-native.a(etimer.o)
                0x000000000022a1e0                etimer_process
 .data          0x000000000022a200        0x0 build/native/contiki-ng-native.a(node-id.o)
 .data          0x000000000022a200        0x0 build/native/contiki-ng-native.a(rtimer.o)
 .data          0x000000000022a200        0x0 build/native/contiki-ng-native.a(process.o)
 .data          0x000000000022a200        0x0 build/native/contiki-ng-native.a(timer.o)
 .data          0x000000000022a200        0x0 build/native/contiki-ng-native.a(list.o)
 .data          0x000000000022a200        0x0 build/native/contiki-ng-native.a(queuebuf.o)
 .data.rel.local
                0x000000000022a200       0x38 build/native/contiki-ng-native.a(queuebuf.o)
 .data          0x000000000022a238        0x0 build/native/contiki-ng-native.a(packetbuf.o)
 .data          0x000000000022a238        0x0 build/native/contiki-ng-native.a(netstack.o)
 .data          0x000000000022a238        0x0 build/native/contiki-ng-native.a(linkaddr.o)
 .data          0x000000000022a238        0x0 build/native/contiki-ng-native.a(uip-sr.o)
 *fill*         0x000000000022a238        0x8 
 .data.rel.local
                0x000000000022a240       0x18 build/native/contiki-ng-native.a(uip-sr.o)
 .data          0x000000000022a258        0x0 build/native/contiki-ng-native.a(uip-ds6.o)
 .data          0x000000000022a258        0x0 build/native/contiki-ng-native.a(uip-ds6-route.o)
 *fill*         0x000000000022a258        0x8 
 .data.rel.local
                0x000000000022a260       0x78 build/native/contiki-ng-native.a(uip-ds6-route.o)
                0x000000000022a2b8                nbr_routes
 .data          0x000000000022a2d8        0x0 build/native/contiki-ng-native.a(psock.o)
 .data          0x000000000022a2d8        0x0 build/native/contiki-ng-native.a(tcpip.o)
 *fill*         0x000000000022a2d8        0x8 
 .data.rel.local
                0x000000000022a2e0       0x20 build/native/contiki-ng-native.a(tcpip.o)
                0x000000000022a2e0                tcpip_process
 .data          0x000000000022a300        0x0 build/native/contiki-ng-native.a(uip6.o)
 .data          0x000000000022a300        0x0 build/native/contiki-ng-native.a(uip-ds6-nbr.o)
 .data.rel.local
                0x000000000022a300       0x18 build/native/contiki-ng-native.a(uip-ds6-nbr.o)
 .data          0x000000000022a318        0x0 build/native/contiki-ng-native.a(uip-nd6.o)
 *fill*         0x000000000022a318        0x8 
 .data.rel.local
                0x000000000022a320       0x18 build/native/contiki-ng-native.a(uip-nd6.o)
 .data          0x000000000022a338        0x0 build/native/contiki-ng-native.a(simple-udp.o)
 *fill*         0x000000000022a338        0x8 
 .data.rel.local
                0x000000000022a340       0x20 build/native/contiki-ng-native.a(simple-udp.o)
                0x000000000022a340                simple_udp_process
 .data          0x000000000022a360        0x0 build/native/contiki-ng-native.a(sicslowpan.o)
 .data          0x000000000022a360        0x0 build/native/contiki-ng-native.a(uiplib.o)
 .data          0x000000000022a360        0x0 build/native/contiki-ng-native.a(rpl.o)
 .data          0x000000000022a360        0x0 build/native/contiki-ng-native.a(rpl-icmp6.o)
 .data.rel.local
                0x000000000022a360       0x78 build/native/contiki-ng-native.a(rpl-icmp6.o)
 .data          0x000000000022a3d8        0x0 build/native/contiki-ng-native.a(rpl-dag-root.o)
 .data          0x000000000022a3d8        0x0 build/native/contiki-ng-native.a(tun-bridge.o)
 .data          0x000000000022a3d8        0x0 build/native/contiki-ng-native.a(slip-dev.o)
 .data          0x000000000022a3d8        0x4 build/native/contiki-ng-native.a(slip-config.o)
                0x000000000022a3d8                slip_config_b_rate
 .data          0x000000000022a3dc        0x0 build/native/contiki-ng-native.a(border-router-m)
 .data          0x000000000022a3dc        0x0 build/native/contiki-ng-native.a(border-router-c)
 *fill*         0x000000000022a3dc        0x4 
 .data.rel.local
                0x000000000022a3e0       0x20 build/native/contiki-ng-native.a(border-router-c)
                0x000000000022a3e0                border_router_cmd_process
 .data          0x000000000022a400        0x0 build/native/contiki-ng-native.a(cmd.o)
 .data          0x000000000022a400        0x0 build/native/contiki-ng-native.a(packetutils.o)
 .data          0x000000000022a400        0x0 build/native/contiki-ng-native.a(shell.o)
 .data          0x000000000022a400        0x0 build/native/contiki-ng-native.a(shell-commands.)
 .data.rel.local
                0x000000000022a400       0x10 build/native/contiki-ng-native.a(shell-commands.)
 .data          0x000000000022a410        0x0 build/native/contiki-ng-native.a(serial-shell.o)
 *fill*         0x000000000022a410       0x10 
 .data.rel.local
                0x000000000022a420       0x20 build/native/contiki-ng-native.a(serial-shell.o)
                0x000000000022a420                serial_shell_process
 .data          0x000000000022a440        0x0 build/native/contiki-ng-native.a(platform.o)
 .data          0x000000000022a440        0x0 build/native/contiki-ng-native.a(clock.o)
 .data          0x000000000022a440        0x0 build/native/contiki-ng-native.a(rtimer-arch.o)
 .data          0x000000000022a440        0x0 build/native/contiki-ng-native.a(watchdog.o)
 .data          0x000000000022a440        0x0 build/native/contiki-ng-native.a(httpd-simple.o)
 .data.rel.local
                0x000000000022a440       0x18 build/native/contiki-ng-native.a(httpd-simple.o)
 .data          0x000000000022a458        0x0 build/native/contiki-ng-native.a(rpl-border-rout)
 .data          0x000000000022a458        0x0 build/native/contiki-ng-native.a(stimer.o)
 .data          0x000000000022a458        0x0 build/native/contiki-ng-native.a(memb.o)
 .data          0x000000000022a458        0x0 build/native/contiki-ng-native.a(random.o)
 .data          0x000000000022a458        0x0 build/native/contiki-ng-native.a(button-hal.o)
 *fill*         0x000000000022a458        0x8 
 .data.rel.local
                0x000000000022a460       0x20 build/native/contiki-ng-native.a(button-hal.o)
                0x000000000022a460                button_hal_process
 .data          0x000000000022a480        0x0 build/native/contiki-ng-native.a(serial-line.o)
 .data.rel.local
                0x000000000022a480       0x20 build/native/contiki-ng-native.a(serial-line.o)
                0x000000000022a480                serial_line_process
 .data          0x000000000022a4a0        0x0 build/native/contiki-ng-native.a(leds.o)
 .data          0x000000000022a4a0        0x0 build/native/contiki-ng-native.a(nullradio.o)
 .data          0x000000000022a4a0        0x0 build/native/contiki-ng-native.a(gpio-hal.o)
 .data          0x000000000022a4a0        0x0 build/native/contiki-ng-native.a(nbr-table.o)
 .data.rel.local
                0x000000000022a4a0       0x18 build/native/contiki-ng-native.a(nbr-table.o)
 .data          0x000000000022a4b8        0x0 build/native/contiki-ng-native.a(link-stats.o)
 *fill*         0x000000000022a4b8        0x8 
 .data.rel.local
                0x000000000022a4c0       0x18 build/native/contiki-ng-native.a(link-stats.o)
 .data          0x000000000022a4d8        0x0 build/native/contiki-ng-native.a(mac.o)
 .data          0x000000000022a4d8        0x0 build/native/contiki-ng-native.a(framer-802154.o)
 .data          0x000000000022a4d8        0x2 build/native/contiki-ng-native.a(frame802154.o)
 .data          0x000000000022a4da        0x0 build/native/contiki-ng-native.a(uipbuf.o)
 .data          0x000000000022a4da        0x0 build/native/contiki-ng-native.a(uip-icmp6.o)
 *fill*         0x000000000022a4da        0x6 
 .data.rel.local
                0x000000000022a4e0       0x38 build/native/contiki-ng-native.a(uip-icmp6.o)
 .data          0x000000000022a518        0x0 build/native/contiki-ng-native.a(uip-packetqueue)
 *fill*         0x000000000022a518        0x8 
 .data.rel.local
                0x000000000022a520       0x18 build/native/contiki-ng-native.a(uip-packetqueue)
 .data          0x000000000022a538        0x0 build/native/contiki-ng-native.a(uip-udp-packet.)
 .data          0x000000000022a538        0x0 build/native/contiki-ng-native.a(rpl-nbr-policy.)
 .data          0x000000000022a538        0x0 build/native/contiki-ng-native.a(rpl-neighbor.o)
 *fill*         0x000000000022a538        0x8 
 .data.rel.local
                0x000000000022a540       0x28 build/native/contiki-ng-native.a(rpl-neighbor.o)
                0x000000000022a540                rpl_neighbors
 .data          0x000000000022a568        0x0 build/native/contiki-ng-native.a(rpl-dag.o)
 .data          0x000000000022a568        0x0 build/native/contiki-ng-native.a(rpl-timers.o)
 .data          0x000000000022a568        0x0 build/native/contiki-ng-native.a(rpl-ext-header.)
 .data          0x000000000022a568        0x0 build/native/contiki-ng-native.a(rpl-mrhof.o)
 *fill*         0x000000000022a568       0x18 
 .data.rel.local
                0x000000000022a580       0x48 build/native/contiki-ng-native.a(rpl-mrhof.o)
                0x000000000022a580                rpl_mrhof
 .data          0x000000000022a5c8        0x0 build/native/contiki-ng-native.a(border-router-n)
 *fill*         0x000000000022a5c8       0x18 
 .data.rel.local
                0x000000000022a5e0       0x20 build/native/contiki-ng-native.a(border-router-n)
                0x000000000022a5e0                border_router_process
 .data          0x000000000022a600        0x0 build/native/contiki-ng-native.a(buttons.o)
 .data          0x000000000022a600        0x0 build/native/contiki-ng-native.a(int-master.o)
 .data          0x000000000022a600        0x0 build/native/contiki-ng-native.a(gpio-hal-arch.o)
 .data          0x000000000022a600        0x0 build/native/contiki-ng-native.a(ringbuf.o)
 .data          0x000000000022a600        0x0 /usr/lib/x86_64-linux-gnu/libc_nonshared.a(elf-init.oS)
 .data          0x000000000022a600        0x0 /usr/lib/x86_64-linux-gnu/libc_nonshared.a(atexit.oS)
 .data          0x000000000022a600        0x0 /usr/lib/gcc/x86_64-linux-gnu/7/crtendS.o
 .data          0x000000000022a600        0x0 /usr/lib/gcc/x86_64-linux-gnu/7/../../../x86_64-linux-gnu/crtn.o

.tm_clone_table
                0x000000000022a600        0x0
 .tm_clone_table
                0x000000000022a600        0x0 /usr/lib/gcc/x86_64-linux-gnu/7/crtbeginS.o
 .tm_clone_table
                0x000000000022a600        0x0 /usr/lib/gcc/x86_64-linux-gnu/7/crtendS.o

.data1
 *(.data1)
                0x000000000022a600                _edata = .
                [!provide]                        PROVIDE (edata = .)
                0x000000000022a600                . = .
                0x000000000022a600                __bss_start = .

.bss            0x000000000022a600     0x9de0
 *(.dynbss)
 .dynbss        0x000000000022a600       0x28 /usr/lib/gcc/x86_64-linux-gnu/7/../../../x86_64-linux-gnu/Scrt1.o
                0x000000000022a600                stdout@@GLIBC_2.2.5
                0x000000000022a608                optind@@GLIBC_2.2.5
                0x000000000022a610                optarg@@GLIBC_2.2.5
                0x000000000022a620                stderr@@GLIBC_2.2.5
 *(.bss .bss.* .gnu.linkonce.b.*)
 .bss           0x000000000022a628        0x0 /usr/lib/gcc/x86_64-linux-gnu/7/../../../x86_64-linux-gnu/Scrt1.o
 .bss           0x000000000022a628        0x0 /usr/lib/gcc/x86_64-linux-gnu/7/../../../x86_64-linux-gnu/crti.o
 .bss           0x000000000022a628        0x1 /usr/lib/gcc/x86_64-linux-gnu/7/crtbeginS.o
 *fill*         0x000000000022a629       0x17 
 .bss           0x000000000022a640       0x38 BorderRouter.o
 *fill*         0x000000000022a678        0x8 
 .bss           0x000000000022a680      0x120 build/native/contiki-ng-native.a(webserver.o)
 .bss           0x000000000022a7a0        0x0 build/native/contiki-ng-native.a(contiki-main.o)
 .bss           0x000000000022a7a0        0x0 build/native/contiki-ng-native.a(autostart.o)
 .bss           0x000000000022a7a0       0x10 build/native/contiki-ng-native.a(ctimer.o)
 .bss           0x000000000022a7b0       0x2c build/native/contiki-ng-native.a(log.o)
                0x000000000022a7b0                curr_log_level_lwm2m
                0x000000000022a7b4                curr_log_level_snmp
                0x000000000022a7b8                curr_log_level_coap
                0x000000000022a7bc                curr_log_level_6top
                0x000000000022a7c0                curr_log_level_framer
                0x000000000022a7c4                curr_log_level_mac
                0x000000000022a7c8                curr_log_level_nullnet
                0x000000000022a7cc                curr_log_level_6lowpan
                0x000000000022a7d0                curr_log_level_ipv6
                0x000000000022a7d4                curr_log_level_tcpip
                0x000000000022a7d8                curr_log_level_rpl
 .bss           0x000000000022a7dc        0x0 build/native/contiki-ng-native.a(energest.o)
 *fill*         0x000000000022a7dc        0x4 
 .bss           0x000000000022a7e0       0x10 build/native/contiki-ng-native.a(etimer.o)
 .bss           0x000000000022a7f0        0x2 build/native/contiki-ng-native.a(node-id.o)
                0x000000000022a7f0                node_id
 *fill*         0x000000000022a7f2        0x6 
 .bss           0x000000000022a7f8        0x8 build/native/contiki-ng-native.a(rtimer.o)
 .bss           0x000000000022a800      0x323 build/native/contiki-ng-native.a(process.o)
                0x000000000022a800                process_current
                0x000000000022a808                process_list
 .bss           0x000000000022ab23        0x0 build/native/contiki-ng-native.a(timer.o)
 .bss           0x000000000022ab23        0x0 build/native/contiki-ng-native.a(list.o)
 *fill*         0x000000000022ab23       0x1d 